31.31.78.132 - - [23/Aug/2017:00:13:36 +0200] "GET /css/custom.css HTTP/1.1" 304 158 "http://www.utgard.sk/" "Serf/1.3.8 (mod_pagespeed/1.12.34.2-0)"
31.31.78.132 - - [23/Aug/2017:00:13:36 +0200] "GET /css/bootstrap.min.css HTTP/1.1" 304 160 "http://www.utgard.sk/" "Serf/1.3.8 (mod_pagespeed/1.12.34.2-0)"
46.118.118.100 - - [23/Aug/2017:00:13:36 +0200] "GET / HTTP/1.1" 200 8429 "http://fr-bearings.ru/" "Mozilla/4.0 (compatible; MSIE 6.0; Windows NT 5.1; SV1)"
31.31.78.132 - - [23/Aug/2017:00:13:36 +0200] "GET /js/bootstrap.min.js HTTP/1.1" 304 159 "http://www.utgard.sk/" "Serf/1.3.8 (mod_pagespeed/1.12.34.2-0)"
31.31.78.132 - - [23/Aug/2017:00:13:36 +0200] "GET /img/ico/pl.png HTTP/1.1" 304 135 "http://www.utgard.sk/" "Serf/1.3.8 (mod_pagespeed/1.12.34.2-0)"
31.31.78.132 - - [23/Aug/2017:00:13:36 +0200] "GET /img/ico/sk.png HTTP/1.1" 304 135 "http://www.utgard.sk/" "Serf/1.3.8 (mod_pagespeed/1.12.34.2-0)"
31.31.78.132 - - [23/Aug/2017:00:13:36 +0200] "GET /img/2017napis.png HTTP/1.1" 304 137 "http://www.utgard.sk/" "Serf/1.3.8 (mod_pagespeed/1.12.34.2-0)"
31.31.78.132 - - [23/Aug/2017:00:13:36 +0200] "GET /img/ico/favicon.ico HTTP/1.1" 304 136 "http://www.utgard.sk/" "Serf/1.3.8 (mod_pagespeed/1.12.34.2-0)"
31.31.78.132 - - [23/Aug/2017:00:13:36 +0200] "GET /img/ico/gb.png HTTP/1.1" 304 135 "http://www.utgard.sk/" "Serf/1.3.8 (mod_pagespeed/1.12.34.2-0)"
31.31.78.132 - - [23/Aug/2017:00:13:36 +0200] "GET /img/lista.png HTTP/1.1" 304 138 "http://www.utgard.sk/" "Serf/1.3.8 (mod_pagespeed/1.12.34.2-0)"
31.31.78.132 - - [23/Aug/2017:00:13:36 +0200] "GET /img/parchement.jpg HTTP/1.1" 304 138 "http://www.utgard.sk/" "Serf/1.3.8 (mod_pagespeed/1.12.34.2-0)"
46.118.118.100 - - [23/Aug/2017:00:13:36 +0200] "GET / HTTP/1.1" 200 8601 "http://fr-bearings.ru/" "Mozilla/4.0 (compatible; MSIE 6.0; Windows NT 5.1; SV1)"
46.118.118.100 - - [23/Aug/2017:00:13:37 +0200] "GET / HTTP/1.1" 200 8631 "http://fr-bearings.ru/" "Mozilla/4.0 (compatible; MSIE 6.0; Windows NT 5.1; SV1)"
216.244.66.246 - - [23/Aug/2017:00:18:31 +0200] "GET /robots.txt HTTP/1.1" 200 302 "-" "Mozilla/5.0 (compatible; DotBot/1.1; http://www.opensiteexplorer.org/dotbot, help@moz.com)"
77.75.78.161 - - [23/Aug/2017:00:44:42 +0200] "GET /robots.txt HTTP/1.1" 200 346 "-" "Mozilla/5.0 (compatible; SeznamBot/3.2; +http://napoveda.seznam.cz/en/seznambot-intro/)"
216.244.66.246 - - [23/Aug/2017:00:45:33 +0200] "GET /partneri.html HTTP/1.1" 200 5974 "-" "Mozilla/5.0 (compatible; DotBot/1.1; http://www.opensiteexplorer.org/dotbot, help@moz.com)"
31.31.78.132 - - [23/Aug/2017:00:45:33 +0200] "GET /img/part/ipv_tn.png HTTP/1.1" 200 26741 "http://www.utgard.sk/partneri.html" "Serf/1.3.8 (mod_pagespeed/1.12.34.2-0)"
31.31.78.132 - - [23/Aug/2017:00:45:33 +0200] "GET /css/custom.css HTTP/1.1" 304 158 "http://www.utgard.sk/partneri.html" "Serf/1.3.8 (mod_pagespeed/1.12.34.2-0)"
31.31.78.132 - - [23/Aug/2017:00:45:33 +0200] "GET /js/bootstrap.min.js HTTP/1.1" 304 159 "http://www.utgard.sk/partneri.html" "Serf/1.3.8 (mod_pagespeed/1.12.34.2-0)"
31.31.78.132 - - [23/Aug/2017:00:45:33 +0200] "GET /css/bootstrap.min.css HTTP/1.1" 304 160 "http://www.utgard.sk/partneri.html" "Serf/1.3.8 (mod_pagespeed/1.12.34.2-0)"
31.31.78.132 - - [23/Aug/2017:00:45:33 +0200] "GET /img/ico/favicon.ico HTTP/1.1" 304 136 "http://www.utgard.sk/partneri.html" "Serf/1.3.8 (mod_pagespeed/1.12.34.2-0)"
31.31.78.132 - - [23/Aug/2017:00:45:33 +0200] "GET /img/2017napis.png HTTP/1.1" 304 137 "http://www.utgard.sk/partneri.html" "Serf/1.3.8 (mod_pagespeed/1.12.34.2-0)"
31.31.78.132 - - [23/Aug/2017:00:45:33 +0200] "GET /img/part/barprikaplnke_tn.png HTTP/1.1" 200 31821 "http://www.utgard.sk/partneri.html" "Serf/1.3.8 (mod_pagespeed/1.12.34.2-0)"
31.31.78.132 - - [23/Aug/2017:00:45:33 +0200] "GET /img/part/obec.png HTTP/1.1" 200 532030 "http://www.utgard.sk/partneri.html" "Serf/1.3.8 (mod_pagespeed/1.12.34.2-0)"
31.31.78.132 - - [23/Aug/2017:00:45:33 +0200] "GET /img/part/muzeum.png HTTP/1.1" 200 107375 "http://www.utgard.sk/partneri.html" "Serf/1.3.8 (mod_pagespeed/1.12.34.2-0)"
31.31.78.132 - - [23/Aug/2017:00:45:33 +0200] "GET /img/part/vuc.png HTTP/1.1" 200 170288 "http://www.utgard.sk/partneri.html" "Serf/1.3.8 (mod_pagespeed/1.12.34.2-0)"
31.31.78.132 - - [23/Aug/2017:00:45:33 +0200] "GET /img/lista.png HTTP/1.1" 304 138 "http://www.utgard.sk/partneri.html" "Serf/1.3.8 (mod_pagespeed/1.12.34.2-0)"
31.31.78.132 - - [23/Aug/2017:00:45:34 +0200] "GET /img/parchement.jpg HTTP/1.1" 304 138 "http://www.utgard.sk/partneri.html" "Serf/1.3.8 (mod_pagespeed/1.12.34.2-0)"
176.31.231.10 - - [23/Aug/2017:00:47:48 +0200] "GET /img/fotky/2016/168.jpg HTTP/1.1" 200 379969 "-" "Mozilla/5.0 (compatible; AhrefsBot/5.2; +http://ahrefs.com/robot/)"
217.182.132.181 - - [23/Aug/2017:01:08:37 +0200] "GET /img/fotky/2015/162.jpg HTTP/1.1" 200 118878 "-" "Mozilla/5.0 (compatible; AhrefsBot/5.2; +http://ahrefs.com/robot/)"
31.31.78.132 - - [23/Aug/2017:01:22:21 +0200] "GET /js/bootstrap.min.js HTTP/1.1" 304 159 "http://www.utgard.sk/" "Serf/1.3.8 (mod_pagespeed/1.12.34.2-0)"
46.118.118.100 - - [23/Aug/2017:01:22:21 +0200] "GET / HTTP/1.1" 200 12833 "http://videochat.mx/" "Mozilla/1.22 (compatible; MSIE 2.0d; Windows NT)"
31.31.78.132 - - [23/Aug/2017:01:22:21 +0200] "GET /css/custom.css HTTP/1.1" 304 158 "http://www.utgard.sk/" "Serf/1.3.8 (mod_pagespeed/1.12.34.2-0)"
31.31.78.132 - - [23/Aug/2017:01:22:21 +0200] "GET /css/bootstrap.min.css HTTP/1.1" 304 160 "http://www.utgard.sk/" "Serf/1.3.8 (mod_pagespeed/1.12.34.2-0)"
31.31.78.132 - - [23/Aug/2017:01:22:21 +0200] "GET /img/ico/pl.png HTTP/1.1" 304 135 "http://www.utgard.sk/" "Serf/1.3.8 (mod_pagespeed/1.12.34.2-0)"
31.31.78.132 - - [23/Aug/2017:01:22:21 +0200] "GET /img/ico/sk.png HTTP/1.1" 304 135 "http://www.utgard.sk/" "Serf/1.3.8 (mod_pagespeed/1.12.34.2-0)"
31.31.78.132 - - [23/Aug/2017:01:22:21 +0200] "GET /img/2017napis.png HTTP/1.1" 304 137 "http://www.utgard.sk/" "Serf/1.3.8 (mod_pagespeed/1.12.34.2-0)"
31.31.78.132 - - [23/Aug/2017:01:22:21 +0200] "GET /img/ico/favicon.ico HTTP/1.1" 304 136 "http://www.utgard.sk/" "Serf/1.3.8 (mod_pagespeed/1.12.34.2-0)"
31.31.78.132 - - [23/Aug/2017:01:22:21 +0200] "GET /img/ico/gb.png HTTP/1.1" 304 135 "http://www.utgard.sk/" "Serf/1.3.8 (mod_pagespeed/1.12.34.2-0)"
31.31.78.132 - - [23/Aug/2017:01:22:21 +0200] "GET /img/parchement.jpg HTTP/1.1" 304 138 "http://www.utgard.sk/" "Serf/1.3.8 (mod_pagespeed/1.12.34.2-0)"
31.31.78.132 - - [23/Aug/2017:01:22:21 +0200] "GET /img/lista.png HTTP/1.1" 304 138 "http://www.utgard.sk/" "Serf/1.3.8 (mod_pagespeed/1.12.34.2-0)"
46.118.118.100 - - [23/Aug/2017:01:22:22 +0200] "GET / HTTP/1.1" 200 12434 "http://videochat.mx/" "Mozilla/1.22 (compatible; MSIE 2.0d; Windows NT)"
46.118.118.100 - - [23/Aug/2017:01:22:22 +0200] "GET / HTTP/1.1" 200 12434 "http://videochat.mx/" "Mozilla/1.22 (compatible; MSIE 2.0d; Windows NT)"
46.118.118.100 - - [23/Aug/2017:01:22:24 +0200] "GET / HTTP/1.1" 200 12434 "http://videochat.bz/" "Mozilla/1.22 (compatible; MSIE 2.0d; Windows NT)"
46.118.118.100 - - [23/Aug/2017:01:22:24 +0200] "GET / HTTP/1.1" 200 12434 "http://videochat.bz/" "Mozilla/1.22 (compatible; MSIE 2.0d; Windows NT)"
46.118.118.100 - - [23/Aug/2017:01:22:24 +0200] "GET / HTTP/1.1" 200 12434 "http://videochat.bz/" "Mozilla/1.22 (compatible; MSIE 2.0d; Windows NT)"
77.75.79.72 - - [23/Aug/2017:01:45:13 +0200] "GET /robots.txt HTTP/1.1" 200 346 "-" "Mozilla/5.0 (compatible; SeznamBot/3.2; +http://napoveda.seznam.cz/en/seznambot-intro/)"
164.132.161.74 - - [23/Aug/2017:01:46:52 +0200] "GET /img/fotky/2016/154.jpg HTTP/1.1" 200 381647 "-" "Mozilla/5.0 (compatible; AhrefsBot/5.2; +http://ahrefs.com/robot/)"
217.182.132.76 - - [23/Aug/2017:02:02:58 +0200] "GET /img/fotky/2016/155.jpg HTTP/1.1" 200 353040 "-" "Mozilla/5.0 (compatible; AhrefsBot/5.2; +http://ahrefs.com/robot/)"
31.31.78.132 - - [23/Aug/2017:02:08:27 +0200] "GET /js/bootstrap.min.js HTTP/1.1" 304 159 "http://www.utgard.sk/" "Serf/1.3.8 (mod_pagespeed/1.12.34.2-0)"
31.31.78.132 - - [23/Aug/2017:02:08:27 +0200] "GET /css/custom.css HTTP/1.1" 304 158 "http://www.utgard.sk/" "Serf/1.3.8 (mod_pagespeed/1.12.34.2-0)"
46.246.42.82 - - [23/Aug/2017:02:08:27 +0200] "GET / HTTP/1.1" 200 12833 "-" "Mozilla/5.0 (X11; Linux x86_64) AppleWebKit/537.31 (KHTML, like Gecko) Chrome/26.0.1410.63 Safari/537.31"
31.31.78.132 - - [23/Aug/2017:02:08:27 +0200] "GET /css/bootstrap.min.css HTTP/1.1" 304 160 "http://www.utgard.sk/" "Serf/1.3.8 (mod_pagespeed/1.12.34.2-0)"
31.31.78.132 - - [23/Aug/2017:02:08:27 +0200] "GET /img/ico/pl.png HTTP/1.1" 304 135 "http://www.utgard.sk/" "Serf/1.3.8 (mod_pagespeed/1.12.34.2-0)"
31.31.78.132 - - [23/Aug/2017:02:08:27 +0200] "GET /img/ico/sk.png HTTP/1.1" 304 135 "http://www.utgard.sk/" "Serf/1.3.8 (mod_pagespeed/1.12.34.2-0)"
31.31.78.132 - - [23/Aug/2017:02:08:27 +0200] "GET /img/2017napis.png HTTP/1.1" 304 137 "http://www.utgard.sk/" "Serf/1.3.8 (mod_pagespeed/1.12.34.2-0)"
31.31.78.132 - - [23/Aug/2017:02:08:27 +0200] "GET /img/ico/favicon.ico HTTP/1.1" 304 136 "http://www.utgard.sk/" "Serf/1.3.8 (mod_pagespeed/1.12.34.2-0)"
31.31.78.132 - - [23/Aug/2017:02:08:27 +0200] "GET /img/ico/gb.png HTTP/1.1" 304 135 "http://www.utgard.sk/" "Serf/1.3.8 (mod_pagespeed/1.12.34.2-0)"
31.31.78.132 - - [23/Aug/2017:02:08:27 +0200] "GET /img/parchement.jpg HTTP/1.1" 304 138 "http://www.utgard.sk/" "Serf/1.3.8 (mod_pagespeed/1.12.34.2-0)"
31.31.78.132 - - [23/Aug/2017:02:08:28 +0200] "GET /img/lista.png HTTP/1.1" 304 138 "http://www.utgard.sk/" "Serf/1.3.8 (mod_pagespeed/1.12.34.2-0)"
31.31.78.132 - - [23/Aug/2017:02:18:57 +0200] "GET /js/bootstrap.min.js HTTP/1.1" 304 159 "http://www.utgard.sk/" "Serf/1.3.8 (mod_pagespeed/1.12.34.2-0)"
46.118.154.36 - - [23/Aug/2017:02:18:57 +0200] "GET / HTTP/1.1" 200 12833 "https://i-hobot.ru/" "Opera/9.00 (Windows NT 5.1; U; en)"
31.31.78.132 - - [23/Aug/2017:02:18:57 +0200] "GET /css/custom.css HTTP/1.1" 304 158 "http://www.utgard.sk/" "Serf/1.3.8 (mod_pagespeed/1.12.34.2-0)"
31.31.78.132 - - [23/Aug/2017:02:18:57 +0200] "GET /css/bootstrap.min.css HTTP/1.1" 304 160 "http://www.utgard.sk/" "Serf/1.3.8 (mod_pagespeed/1.12.34.2-0)"
31.31.78.132 - - [23/Aug/2017:02:18:57 +0200] "GET /img/ico/pl.png HTTP/1.1" 304 135 "http://www.utgard.sk/" "Serf/1.3.8 (mod_pagespeed/1.12.34.2-0)"
31.31.78.132 - - [23/Aug/2017:02:18:57 +0200] "GET /img/ico/sk.png HTTP/1.1" 304 135 "http://www.utgard.sk/" "Serf/1.3.8 (mod_pagespeed/1.12.34.2-0)"
31.31.78.132 - - [23/Aug/2017:02:18:57 +0200] "GET /img/2017napis.png HTTP/1.1" 304 137 "http://www.utgard.sk/" "Serf/1.3.8 (mod_pagespeed/1.12.34.2-0)"
31.31.78.132 - - [23/Aug/2017:02:18:57 +0200] "GET /img/ico/favicon.ico HTTP/1.1" 304 136 "http://www.utgard.sk/" "Serf/1.3.8 (mod_pagespeed/1.12.34.2-0)"
31.31.78.132 - - [23/Aug/2017:02:18:57 +0200] "GET /img/ico/gb.png HTTP/1.1" 304 135 "http://www.utgard.sk/" "Serf/1.3.8 (mod_pagespeed/1.12.34.2-0)"
31.31.78.132 - - [23/Aug/2017:02:18:57 +0200] "GET /img/lista.png HTTP/1.1" 304 138 "http://www.utgard.sk/" "Serf/1.3.8 (mod_pagespeed/1.12.34.2-0)"
31.31.78.132 - - [23/Aug/2017:02:18:57 +0200] "GET /img/parchement.jpg HTTP/1.1" 304 138 "http://www.utgard.sk/" "Serf/1.3.8 (mod_pagespeed/1.12.34.2-0)"
46.118.154.36 - - [23/Aug/2017:02:18:57 +0200] "GET / HTTP/1.1" 200 12434 "https://i-hobot.ru/" "Opera/9.00 (Windows NT 5.1; U; en)"
46.118.154.36 - - [23/Aug/2017:02:18:58 +0200] "GET / HTTP/1.1" 200 12434 "https://i-hobot.ru/" "Opera/9.00 (Windows NT 5.1; U; en)"
217.182.132.25 - - [23/Aug/2017:02:24:06 +0200] "GET /img/fotky/2015/134.jpg HTTP/1.1" 200 214292 "-" "Mozilla/5.0 (compatible; AhrefsBot/5.2; +http://ahrefs.com/robot/)"
51.255.65.97 - - [23/Aug/2017:02:39:33 +0200] "GET /img/fotky/2015/106.jpg HTTP/1.1" 200 200592 "-" "Mozilla/5.0 (compatible; AhrefsBot/5.2; +http://ahrefs.com/robot/)"
51.255.65.57 - - [23/Aug/2017:02:41:46 +0200] "GET /img/fotky/2016/182.jpg HTTP/1.1" 200 382471 "-" "Mozilla/5.0 (compatible; AhrefsBot/5.2; +http://ahrefs.com/robot/)"
164.132.161.6 - - [23/Aug/2017:02:51:51 +0200] "GET /img/fotky/2016/157.jpg HTTP/1.1" 200 382792 "-" "Mozilla/5.0 (compatible; AhrefsBot/5.2; +http://ahrefs.com/robot/)"
217.182.132.170 - - [23/Aug/2017:03:23:12 +0200] "GET /img/fotky/2016/117.jpg HTTP/1.1" 200 332070 "-" "Mozilla/5.0 (compatible; AhrefsBot/5.2; +http://ahrefs.com/robot/)"
51.255.65.79 - - [23/Aug/2017:03:45:46 +0200] "GET /img/fotky/2016/200.jpg HTTP/1.1" 200 326310 "-" "Mozilla/5.0 (compatible; AhrefsBot/5.2; +http://ahrefs.com/robot/)"
164.132.161.49 - - [23/Aug/2017:03:51:09 +0200] "GET /img/fotky/2016/183.jpg HTTP/1.1" 200 375840 "-" "Mozilla/5.0 (compatible; AhrefsBot/5.2; +http://ahrefs.com/robot/)"
164.132.161.43 - - [23/Aug/2017:03:57:45 +0200] "GET /img/fotky/2016/180.jpg HTTP/1.1" 200 363713 "-" "Mozilla/5.0 (compatible; AhrefsBot/5.2; +http://ahrefs.com/robot/)"
51.255.65.79 - - [23/Aug/2017:04:08:34 +0200] "GET /img/fotky/2016/194.jpg HTTP/1.1" 200 371699 "-" "Mozilla/5.0 (compatible; AhrefsBot/5.2; +http://ahrefs.com/robot/)"
31.31.78.132 - - [23/Aug/2017:04:20:23 +0200] "GET /css/custom.css HTTP/1.1" 304 158 "http://www.utgard.sk/" "Serf/1.3.8 (mod_pagespeed/1.12.34.2-0)"
31.31.78.132 - - [23/Aug/2017:04:20:23 +0200] "GET /css/bootstrap.min.css HTTP/1.1" 304 160 "http://www.utgard.sk/" "Serf/1.3.8 (mod_pagespeed/1.12.34.2-0)"
178.137.4.41 - - [23/Aug/2017:04:20:23 +0200] "GET / HTTP/1.1" 200 12833 "http://hdwallpapers-free.com/" "Opera/9.00 (Windows NT 4.0; U; en)"
31.31.78.132 - - [23/Aug/2017:04:20:23 +0200] "GET /js/bootstrap.min.js HTTP/1.1" 304 159 "http://www.utgard.sk/" "Serf/1.3.8 (mod_pagespeed/1.12.34.2-0)"
31.31.78.132 - - [23/Aug/2017:04:20:23 +0200] "GET /img/ico/pl.png HTTP/1.1" 304 135 "http://www.utgard.sk/" "Serf/1.3.8 (mod_pagespeed/1.12.34.2-0)"
31.31.78.132 - - [23/Aug/2017:04:20:23 +0200] "GET /img/ico/sk.png HTTP/1.1" 304 135 "http://www.utgard.sk/" "Serf/1.3.8 (mod_pagespeed/1.12.34.2-0)"
31.31.78.132 - - [23/Aug/2017:04:20:23 +0200] "GET /img/2017napis.png HTTP/1.1" 304 137 "http://www.utgard.sk/" "Serf/1.3.8 (mod_pagespeed/1.12.34.2-0)"
31.31.78.132 - - [23/Aug/2017:04:20:23 +0200] "GET /img/ico/favicon.ico HTTP/1.1" 304 136 "http://www.utgard.sk/" "Serf/1.3.8 (mod_pagespeed/1.12.34.2-0)"
31.31.78.132 - - [23/Aug/2017:04:20:23 +0200] "GET /img/ico/gb.png HTTP/1.1" 304 135 "http://www.utgard.sk/" "Serf/1.3.8 (mod_pagespeed/1.12.34.2-0)"
31.31.78.132 - - [23/Aug/2017:04:20:23 +0200] "GET /img/lista.png HTTP/1.1" 304 138 "http://www.utgard.sk/" "Serf/1.3.8 (mod_pagespeed/1.12.34.2-0)"
31.31.78.132 - - [23/Aug/2017:04:20:23 +0200] "GET /img/parchement.jpg HTTP/1.1" 304 138 "http://www.utgard.sk/" "Serf/1.3.8 (mod_pagespeed/1.12.34.2-0)"
178.137.4.41 - - [23/Aug/2017:04:20:23 +0200] "GET / HTTP/1.1" 200 12434 "http://hdwallpapers-free.com/" "Opera/9.00 (Windows NT 4.0; U; en)"
178.137.4.41 - - [23/Aug/2017:04:20:23 +0200] "GET / HTTP/1.1" 200 12434 "http://hdwallpapers-free.com/" "Opera/9.00 (Windows NT 4.0; U; en)"
31.31.78.132 - - [23/Aug/2017:04:21:00 +0200] "GET /js/bootstrap.min.js HTTP/1.1" 304 159 "http://utgard.sk/program.html" "Serf/1.3.8 (mod_pagespeed/1.12.34.2-0)"
31.31.78.132 - - [23/Aug/2017:04:21:00 +0200] "GET /css/custom.css HTTP/1.1" 304 158 "http://utgard.sk/program.html" "Serf/1.3.8 (mod_pagespeed/1.12.34.2-0)"
31.31.78.132 - - [23/Aug/2017:04:21:00 +0200] "GET /css/bootstrap.min.css HTTP/1.1" 304 160 "http://utgard.sk/program.html" "Serf/1.3.8 (mod_pagespeed/1.12.34.2-0)"
207.46.13.88 - - [23/Aug/2017:04:21:00 +0200] "GET /program.html HTTP/1.1" 200 2348 "-" "Mozilla/5.0 (compatible; bingbot/2.0; +http://www.bing.com/bingbot.htm)"
31.31.78.132 - - [23/Aug/2017:04:21:00 +0200] "GET /img/ico/favicon.ico HTTP/1.1" 304 136 "http://utgard.sk/program.html" "Serf/1.3.8 (mod_pagespeed/1.12.34.2-0)"
31.31.78.132 - - [23/Aug/2017:04:21:00 +0200] "GET /img/2017napis.png HTTP/1.1" 304 137 "http://utgard.sk/program.html" "Serf/1.3.8 (mod_pagespeed/1.12.34.2-0)"
31.31.78.132 - - [23/Aug/2017:04:21:00 +0200] "GET /img/lista.png HTTP/1.1" 304 138 "http://utgard.sk/program.html" "Serf/1.3.8 (mod_pagespeed/1.12.34.2-0)"
31.31.78.132 - - [23/Aug/2017:04:21:00 +0200] "GET /img/parchement.jpg HTTP/1.1" 304 138 "http://utgard.sk/program.html" "Serf/1.3.8 (mod_pagespeed/1.12.34.2-0)"
164.132.161.15 - - [23/Aug/2017:04:25:05 +0200] "GET /img/fotky/2016/179.jpg HTTP/1.1" 200 352579 "-" "Mozilla/5.0 (compatible; AhrefsBot/5.2; +http://ahrefs.com/robot/)"
51.255.65.28 - - [23/Aug/2017:04:25:30 +0200] "GET /img/fotky/2016/149.jpg HTTP/1.1" 200 342618 "-" "Mozilla/5.0 (compatible; AhrefsBot/5.2; +http://ahrefs.com/robot/)"
164.132.162.157 - - [23/Aug/2017:04:26:10 +0200] "GET /img/fotky/2016/191.jpg HTTP/1.1" 200 341863 "-" "Mozilla/5.0 (compatible; AhrefsBot/5.2; +http://ahrefs.com/robot/)"
217.182.132.151 - - [23/Aug/2017:04:31:19 +0200] "GET /img/fotky/2016/172.jpg HTTP/1.1" 200 323345 "-" "Mozilla/5.0 (compatible; AhrefsBot/5.2; +http://ahrefs.com/robot/)"
66.249.64.18 - - [23/Aug/2017:04:37:35 +0200] "GET /img/2017napis.png HTTP/1.1" 304 165 "-" "Googlebot-Image/1.0"
51.255.65.97 - - [23/Aug/2017:05:03:20 +0200] "GET /img/fotky/2016/190.jpg HTTP/1.1" 200 353992 "-" "Mozilla/5.0 (compatible; AhrefsBot/5.2; +http://ahrefs.com/robot/)"
66.249.64.20 - - [23/Aug/2017:05:08:15 +0200] "GET /img/ico/gb.png HTTP/1.1" 304 163 "-" "Googlebot-Image/1.0"
164.132.161.81 - - [23/Aug/2017:05:14:46 +0200] "GET /img/fotky/2016/174.jpg HTTP/1.1" 200 305060 "-" "Mozilla/5.0 (compatible; AhrefsBot/5.2; +http://ahrefs.com/robot/)"
66.249.64.19 - - [23/Aug/2017:05:18:27 +0200] "GET /img/ico/favicon.ico HTTP/1.1" 304 164 "-" "Googlebot-Image/1.0"
217.182.132.87 - - [23/Aug/2017:05:22:52 +0200] "GET /img/fotky/2016/18.jpg HTTP/1.1" 200 323896 "-" "Mozilla/5.0 (compatible; AhrefsBot/5.2; +http://ahrefs.com/robot/)"
207.46.13.14 - - [23/Aug/2017:05:52:59 +0200] "GET /robots.txt HTTP/1.1" 200 346 "-" "Mozilla/5.0 (compatible; bingbot/2.0; +http://www.bing.com/bingbot.htm)"
66.249.64.19 - - [23/Aug/2017:05:59:17 +0200] "GET /img/ico/sk.png HTTP/1.1" 304 163 "-" "Googlebot-Image/1.0"
37.9.113.189 - - [23/Aug/2017:06:23:11 +0200] "GET /robots.txt HTTP/1.1" 200 302 "-" "Mozilla/5.0 (compatible; YandexBot/3.0; +http://yandex.com/bots)"
37.9.113.189 - - [23/Aug/2017:06:23:15 +0200] "GET /favicon.ico HTTP/1.1" 200 7642 "-" "Mozilla/5.0 (compatible; YandexBot/3.0; +http://yandex.com/bots)"
77.75.76.163 - - [23/Aug/2017:06:31:37 +0200] "GET /robots.txt HTTP/1.1" 200 346 "-" "Mozilla/5.0 (compatible; SeznamBot/3.2; +http://napoveda.seznam.cz/en/seznambot-intro/)"
199.30.25.100 - - [23/Aug/2017:06:53:54 +0200] "GET /css/custom.css HTTP/1.1" 200 1176 "http://utgard.sk/program.html" "Mozilla/5.0 (Windows NT 6.1; WOW64) AppleWebKit/534+ (KHTML, like Gecko) BingPreview/1.0b"
199.30.25.100 - - [23/Aug/2017:06:53:54 +0200] "GET /css/bootstrap.min.css HTTP/1.1" 200 19905 "http://utgard.sk/program.html" "Mozilla/5.0 (Windows NT 6.1; WOW64) AppleWebKit/534+ (KHTML, like Gecko) BingPreview/1.0b"
199.30.25.100 - - [23/Aug/2017:06:53:54 +0200] "GET /img/2017napis.png HTTP/1.1" 200 261388 "http://utgard.sk/program.html" "Mozilla/5.0 (Windows NT 6.1; WOW64) AppleWebKit/534+ (KHTML, like Gecko) BingPreview/1.0b"
199.30.25.100 - - [23/Aug/2017:06:53:56 +0200] "GET /js/bootstrap.min.js HTTP/1.1" 200 10061 "http://utgard.sk/program.html" "Mozilla/5.0 (Windows NT 6.1; WOW64) AppleWebKit/534+ (KHTML, like Gecko) BingPreview/1.0b"
199.30.25.100 - - [23/Aug/2017:06:53:57 +0200] "GET /fonts/custom.ttf HTTP/1.1" 200 104373 "http://utgard.sk/program.html" "Mozilla/5.0 (Windows NT 6.1; WOW64) AppleWebKit/534+ (KHTML, like Gecko) BingPreview/1.0b"
199.30.25.100 - - [23/Aug/2017:06:53:56 +0200] "GET /img/lista.png HTTP/1.1" 200 1295036 "http://utgard.sk/program.html" "Mozilla/5.0 (Windows NT 6.1; WOW64) AppleWebKit/534+ (KHTML, like Gecko) BingPreview/1.0b"
199.30.25.100 - - [23/Aug/2017:06:53:56 +0200] "GET /img/parchement.jpg HTTP/1.1" 200 2030196 "http://utgard.sk/program.html" "Mozilla/5.0 (Windows NT 6.1; WOW64) AppleWebKit/534+ (KHTML, like Gecko) BingPreview/1.0b"
77.75.78.170 - - [23/Aug/2017:06:59:15 +0200] "GET /robots.txt HTTP/1.1" 200 346 "-" "Mozilla/5.0 (compatible; SeznamBot/3.2; +http://napoveda.seznam.cz/en/seznambot-intro/)"
134.249.80.194 - - [23/Aug/2017:07:45:02 +0200] "GET / HTTP/1.1" 200 8429 "http://typer.one/" "Mozilla/4.0 (compatible; MSIE 6.0; Windows XP)"
31.31.78.132 - - [23/Aug/2017:07:45:02 +0200] "GET /img/ico/pl.png HTTP/1.1" 304 135 "http://www.utgard.sk/" "Serf/1.3.8 (mod_pagespeed/1.12.34.2-0)"
31.31.78.132 - - [23/Aug/2017:07:45:02 +0200] "GET /css/custom.css HTTP/1.1" 304 158 "http://www.utgard.sk/" "Serf/1.3.8 (mod_pagespeed/1.12.34.2-0)"
31.31.78.132 - - [23/Aug/2017:07:45:02 +0200] "GET /js/bootstrap.min.js HTTP/1.1" 304 159 "http://www.utgard.sk/" "Serf/1.3.8 (mod_pagespeed/1.12.34.2-0)"
31.31.78.132 - - [23/Aug/2017:07:45:02 +0200] "GET /css/bootstrap.min.css HTTP/1.1" 304 160 "http://www.utgard.sk/" "Serf/1.3.8 (mod_pagespeed/1.12.34.2-0)"
31.31.78.132 - - [23/Aug/2017:07:45:02 +0200] "GET /img/ico/favicon.ico HTTP/1.1" 200 14967 "http://www.utgard.sk/" "Serf/1.3.8 (mod_pagespeed/1.12.34.2-0)"
31.31.78.132 - - [23/Aug/2017:07:45:02 +0200] "GET /img/2017napis.png HTTP/1.1" 304 137 "http://www.utgard.sk/" "Serf/1.3.8 (mod_pagespeed/1.12.34.2-0)"
31.31.78.132 - - [23/Aug/2017:07:45:02 +0200] "GET /img/ico/gb.png HTTP/1.1" 304 135 "http://www.utgard.sk/" "Serf/1.3.8 (mod_pagespeed/1.12.34.2-0)"
31.31.78.132 - - [23/Aug/2017:07:45:02 +0200] "GET /img/ico/sk.png HTTP/1.1" 304 135 "http://www.utgard.sk/" "Serf/1.3.8 (mod_pagespeed/1.12.34.2-0)"
31.31.78.132 - - [23/Aug/2017:07:45:02 +0200] "GET /img/lista.png HTTP/1.1" 304 138 "http://www.utgard.sk/" "Serf/1.3.8 (mod_pagespeed/1.12.34.2-0)"
31.31.78.132 - - [23/Aug/2017:07:45:02 +0200] "GET /img/parchement.jpg HTTP/1.1" 304 138 "http://www.utgard.sk/" "Serf/1.3.8 (mod_pagespeed/1.12.34.2-0)"
134.249.80.194 - - [23/Aug/2017:07:45:03 +0200] "GET / HTTP/1.1" 200 8631 "http://typer.one/" "Mozilla/4.0 (compatible; MSIE 6.0; Windows XP)"
134.249.80.194 - - [23/Aug/2017:07:45:03 +0200] "GET / HTTP/1.1" 200 8631 "http://typer.one/" "Mozilla/4.0 (compatible; MSIE 6.0; Windows XP)"
31.31.78.132 - - [23/Aug/2017:07:46:55 +0200] "GET /js/bootstrap.min.js HTTP/1.1" 304 159 "http://utgard.sk/" "Serf/1.3.8 (mod_pagespeed/1.12.34.2-0)"
178.238.45.171 - - [23/Aug/2017:07:46:55 +0200] "GET / HTTP/1.1" 200 12828 "-" "Mozilla/5.0 (X11; Linux x86_64; rv:15.0) Gecko/20100101 Firefox/15.0.1"
31.31.78.132 - - [23/Aug/2017:07:46:55 +0200] "GET /css/custom.css HTTP/1.1" 304 158 "http://utgard.sk/" "Serf/1.3.8 (mod_pagespeed/1.12.34.2-0)"
31.31.78.132 - - [23/Aug/2017:07:46:55 +0200] "GET /css/bootstrap.min.css HTTP/1.1" 304 160 "http://utgard.sk/" "Serf/1.3.8 (mod_pagespeed/1.12.34.2-0)"
31.31.78.132 - - [23/Aug/2017:07:46:55 +0200] "GET /img/ico/sk.png HTTP/1.1" 304 135 "http://utgard.sk/" "Serf/1.3.8 (mod_pagespeed/1.12.34.2-0)"
31.31.78.132 - - [23/Aug/2017:07:46:55 +0200] "GET /img/ico/pl.png HTTP/1.1" 304 135 "http://utgard.sk/" "Serf/1.3.8 (mod_pagespeed/1.12.34.2-0)"
31.31.78.132 - - [23/Aug/2017:07:46:55 +0200] "GET /img/2017napis.png HTTP/1.1" 304 137 "http://utgard.sk/" "Serf/1.3.8 (mod_pagespeed/1.12.34.2-0)"
31.31.78.132 - - [23/Aug/2017:07:46:55 +0200] "GET /img/ico/favicon.ico HTTP/1.1" 304 136 "http://utgard.sk/" "Serf/1.3.8 (mod_pagespeed/1.12.34.2-0)"
31.31.78.132 - - [23/Aug/2017:07:46:55 +0200] "GET /img/ico/gb.png HTTP/1.1" 304 135 "http://utgard.sk/" "Serf/1.3.8 (mod_pagespeed/1.12.34.2-0)"
31.31.78.132 - - [23/Aug/2017:07:46:55 +0200] "GET /img/lista.png HTTP/1.1" 304 138 "http://utgard.sk/" "Serf/1.3.8 (mod_pagespeed/1.12.34.2-0)"
31.31.78.132 - - [23/Aug/2017:07:46:55 +0200] "GET /img/parchement.jpg HTTP/1.1" 304 138 "http://utgard.sk/" "Serf/1.3.8 (mod_pagespeed/1.12.34.2-0)"
77.75.78.161 - - [23/Aug/2017:08:53:51 +0200] "GET /robots.txt HTTP/1.1" 200 346 "-" "Mozilla/5.0 (compatible; SeznamBot/3.2; +http://napoveda.seznam.cz/en/seznambot-intro/)"
31.31.78.132 - - [23/Aug/2017:08:54:11 +0200] "GET /css/bootstrap.min.css HTTP/1.1" 304 160 "http://www.utgard.sk/about.html" "Serf/1.3.8 (mod_pagespeed/1.12.34.2-0)"
46.161.9.57 - - [23/Aug/2017:08:54:11 +0200] "GET /about.html HTTP/1.1" 200 11131 "-" "Mozilla/4.0 (compatible; MSIE 6.0; Windows NT 5.1; SV1)"
31.31.78.132 - - [23/Aug/2017:08:54:11 +0200] "GET /css/custom.css HTTP/1.1" 304 158 "http://www.utgard.sk/about.html" "Serf/1.3.8 (mod_pagespeed/1.12.34.2-0)"
31.31.78.132 - - [23/Aug/2017:08:54:11 +0200] "GET /js/bootstrap.min.js HTTP/1.1" 304 159 "http://www.utgard.sk/about.html" "Serf/1.3.8 (mod_pagespeed/1.12.34.2-0)"
31.31.78.132 - - [23/Aug/2017:08:54:11 +0200] "GET /img/ico/favicon.ico HTTP/1.1" 304 136 "http://www.utgard.sk/about.html" "Serf/1.3.8 (mod_pagespeed/1.12.34.2-0)"
31.31.78.132 - - [23/Aug/2017:08:54:11 +0200] "GET /img/2017napis.png HTTP/1.1" 304 137 "http://www.utgard.sk/about.html" "Serf/1.3.8 (mod_pagespeed/1.12.34.2-0)"
31.31.78.132 - - [23/Aug/2017:08:54:11 +0200] "GET /img/brozura/utgard.png HTTP/1.1" 200 381110 "http://www.utgard.sk/about.html" "Serf/1.3.8 (mod_pagespeed/1.12.34.2-0)"
31.31.78.132 - - [23/Aug/2017:08:54:11 +0200] "GET /img/plagaty/plagat2017novy.jpg HTTP/1.1" 200 926992 "http://www.utgard.sk/about.html" "Serf/1.3.8 (mod_pagespeed/1.12.34.2-0)"
31.31.78.132 - - [23/Aug/2017:08:54:11 +0200] "GET /img/lista.png HTTP/1.1" 304 138 "http://www.utgard.sk/about.html" "Serf/1.3.8 (mod_pagespeed/1.12.34.2-0)"
31.31.78.132 - - [23/Aug/2017:08:54:11 +0200] "GET /img/ico/sk.png HTTP/1.1" 304 135 "http://www.utgard.sk/index.html" "Serf/1.3.8 (mod_pagespeed/1.12.34.2-0)"
31.31.78.132 - - [23/Aug/2017:08:54:11 +0200] "GET /img/parchement.jpg HTTP/1.1" 304 138 "http://www.utgard.sk/about.html" "Serf/1.3.8 (mod_pagespeed/1.12.34.2-0)"
31.31.78.132 - - [23/Aug/2017:08:54:11 +0200] "GET /img/ico/pl.png HTTP/1.1" 304 135 "http://www.utgard.sk/index.html" "Serf/1.3.8 (mod_pagespeed/1.12.34.2-0)"
46.161.9.57 - - [23/Aug/2017:08:54:11 +0200] "GET /index.html HTTP/1.1" 200 8515 "-" "Mozilla/4.0 (compatible; MSIE 6.0; Windows NT 5.1; SV1)"
31.31.78.132 - - [23/Aug/2017:08:54:11 +0200] "GET /img/ico/gb.png HTTP/1.1" 304 135 "http://www.utgard.sk/index.html" "Serf/1.3.8 (mod_pagespeed/1.12.34.2-0)"
31.31.78.132 - - [23/Aug/2017:08:54:12 +0200] "GET /css/blueimp-gallery.min.css HTTP/1.1" 304 159 "http://www.utgard.sk/services.html" "Serf/1.3.8 (mod_pagespeed/1.12.34.2-0)"
31.31.78.132 - - [23/Aug/2017:08:54:12 +0200] "GET /img/fotky/2016/105_tn.jpg HTTP/1.1" 304 136 "http://www.utgard.sk/services.html" "Serf/1.3.8 (mod_pagespeed/1.12.34.2-0)"
31.31.78.132 - - [23/Aug/2017:08:54:12 +0200] "GET /img/fotky/2016/104_tn.jpg HTTP/1.1" 304 136 "http://www.utgard.sk/services.html" "Serf/1.3.8 (mod_pagespeed/1.12.34.2-0)"
31.31.78.132 - - [23/Aug/2017:08:54:12 +0200] "GET /img/fotky/2016/102_tn.jpg HTTP/1.1" 304 136 "http://www.utgard.sk/services.html" "Serf/1.3.8 (mod_pagespeed/1.12.34.2-0)"
31.31.78.132 - - [23/Aug/2017:08:54:12 +0200] "GET /img/fotky/2016/101_tn.jpg HTTP/1.1" 304 136 "http://www.utgard.sk/services.html" "Serf/1.3.8 (mod_pagespeed/1.12.34.2-0)"
31.31.78.132 - - [23/Aug/2017:08:54:12 +0200] "GET /img/fotky/2016/100_tn.jpg HTTP/1.1" 304 136 "http://www.utgard.sk/services.html" "Serf/1.3.8 (mod_pagespeed/1.12.34.2-0)"
31.31.78.132 - - [23/Aug/2017:08:54:12 +0200] "GET /img/fotky/2016/99_tn.jpg HTTP/1.1" 304 136 "http://www.utgard.sk/services.html" "Serf/1.3.8 (mod_pagespeed/1.12.34.2-0)"
31.31.78.132 - - [23/Aug/2017:08:54:12 +0200] "GET /img/fotky/2016/98_tn.jpg HTTP/1.1" 304 136 "http://www.utgard.sk/services.html" "Serf/1.3.8 (mod_pagespeed/1.12.34.2-0)"
31.31.78.132 - - [23/Aug/2017:08:54:12 +0200] "GET /img/fotky/2016/97_tn.jpg HTTP/1.1" 304 136 "http://www.utgard.sk/services.html" "Serf/1.3.8 (mod_pagespeed/1.12.34.2-0)"
31.31.78.132 - - [23/Aug/2017:08:54:12 +0200] "GET /img/fotky/2016/45_tn.jpg HTTP/1.1" 304 136 "http://www.utgard.sk/services.html" "Serf/1.3.8 (mod_pagespeed/1.12.34.2-0)"
31.31.78.132 - - [23/Aug/2017:08:54:12 +0200] "GET /img/fotky/2016/44_tn.jpg HTTP/1.1" 304 136 "http://www.utgard.sk/services.html" "Serf/1.3.8 (mod_pagespeed/1.12.34.2-0)"
31.31.78.132 - - [23/Aug/2017:08:54:12 +0200] "GET /img/fotky/2016/43_tn.jpg HTTP/1.1" 304 136 "http://www.utgard.sk/services.html" "Serf/1.3.8 (mod_pagespeed/1.12.34.2-0)"
31.31.78.132 - - [23/Aug/2017:08:54:12 +0200] "GET /img/fotky/2016/40_tn.jpg HTTP/1.1" 304 136 "http://www.utgard.sk/services.html" "Serf/1.3.8 (mod_pagespeed/1.12.34.2-0)"
31.31.78.132 - - [23/Aug/2017:08:54:12 +0200] "GET /img/fotky/2016/38_tn.jpg HTTP/1.1" 304 136 "http://www.utgard.sk/services.html" "Serf/1.3.8 (mod_pagespeed/1.12.34.2-0)"
31.31.78.132 - - [23/Aug/2017:08:54:12 +0200] "GET /img/fotky/2016/2_tn.jpg HTTP/1.1" 304 136 "http://www.utgard.sk/services.html" "Serf/1.3.8 (mod_pagespeed/1.12.34.2-0)"
31.31.78.132 - - [23/Aug/2017:08:54:12 +0200] "GET /img/fotky/2016/48_tn.jpg HTTP/1.1" 304 136 "http://www.utgard.sk/services.html" "Serf/1.3.8 (mod_pagespeed/1.12.34.2-0)"
31.31.78.132 - - [23/Aug/2017:08:54:12 +0200] "GET /img/fotky/2016/77_tn.jpg HTTP/1.1" 304 136 "http://www.utgard.sk/services.html" "Serf/1.3.8 (mod_pagespeed/1.12.34.2-0)"
31.31.78.132 - - [23/Aug/2017:08:54:12 +0200] "GET /img/fotky/2016/32_tn.jpg HTTP/1.1" 304 136 "http://www.utgard.sk/services.html" "Serf/1.3.8 (mod_pagespeed/1.12.34.2-0)"
31.31.78.132 - - [23/Aug/2017:08:54:12 +0200] "GET /img/fotky/2016/103_tn.jpg HTTP/1.1" 304 136 "http://www.utgard.sk/services.html" "Serf/1.3.8 (mod_pagespeed/1.12.34.2-0)"
31.31.78.132 - - [23/Aug/2017:08:54:12 +0200] "GET /img/fotky/2016/22_tn.jpg HTTP/1.1" 304 136 "http://www.utgard.sk/services.html" "Serf/1.3.8 (mod_pagespeed/1.12.34.2-0)"
31.31.78.132 - - [23/Aug/2017:08:54:12 +0200] "GET /img/fotky/2016/90_tn.jpg HTTP/1.1" 304 136 "http://www.utgard.sk/services.html" "Serf/1.3.8 (mod_pagespeed/1.12.34.2-0)"
31.31.78.132 - - [23/Aug/2017:08:54:12 +0200] "GET /img/fotky/2016/30_tn.jpg HTTP/1.1" 304 136 "http://www.utgard.sk/services.html" "Serf/1.3.8 (mod_pagespeed/1.12.34.2-0)"
31.31.78.132 - - [23/Aug/2017:08:54:12 +0200] "GET /img/fotky/2016/55_tn.jpg HTTP/1.1" 304 136 "http://www.utgard.sk/services.html" "Serf/1.3.8 (mod_pagespeed/1.12.34.2-0)"
31.31.78.132 - - [23/Aug/2017:08:54:12 +0200] "GET /img/fotky/2016/7_tn.jpg HTTP/1.1" 304 136 "http://www.utgard.sk/services.html" "Serf/1.3.8 (mod_pagespeed/1.12.34.2-0)"
31.31.78.132 - - [23/Aug/2017:08:54:12 +0200] "GET /img/fotky/2016/4_tn.jpg HTTP/1.1" 304 136 "http://www.utgard.sk/services.html" "Serf/1.3.8 (mod_pagespeed/1.12.34.2-0)"
31.31.78.132 - - [23/Aug/2017:08:54:12 +0200] "GET /img/fotky/2016/20_tn.jpg HTTP/1.1" 304 136 "http://www.utgard.sk/services.html" "Serf/1.3.8 (mod_pagespeed/1.12.34.2-0)"
31.31.78.132 - - [23/Aug/2017:08:54:12 +0200] "GET /img/fotky/2016/19_tn.jpg HTTP/1.1" 304 136 "http://www.utgard.sk/services.html" "Serf/1.3.8 (mod_pagespeed/1.12.34.2-0)"
31.31.78.132 - - [23/Aug/2017:08:54:12 +0200] "GET /img/fotky/2016/96_tn.jpg HTTP/1.1" 304 136 "http://www.utgard.sk/services.html" "Serf/1.3.8 (mod_pagespeed/1.12.34.2-0)"
31.31.78.132 - - [23/Aug/2017:08:54:12 +0200] "GET /img/fotky/2016/6_tn.jpg HTTP/1.1" 304 136 "http://www.utgard.sk/services.html" "Serf/1.3.8 (mod_pagespeed/1.12.34.2-0)"
31.31.78.132 - - [23/Aug/2017:08:54:12 +0200] "GET /img/fotky/2016/8_tn.jpg HTTP/1.1" 304 136 "http://www.utgard.sk/services.html" "Serf/1.3.8 (mod_pagespeed/1.12.34.2-0)"
31.31.78.132 - - [23/Aug/2017:08:54:12 +0200] "GET /img/fotky/2016/39_tn.jpg HTTP/1.1" 304 136 "http://www.utgard.sk/services.html" "Serf/1.3.8 (mod_pagespeed/1.12.34.2-0)"
31.31.78.132 - - [23/Aug/2017:08:54:12 +0200] "GET /img/fotky/2016/88_tn.jpg HTTP/1.1" 304 136 "http://www.utgard.sk/services.html" "Serf/1.3.8 (mod_pagespeed/1.12.34.2-0)"
31.31.78.132 - - [23/Aug/2017:08:54:12 +0200] "GET /img/fotky/2016/16_tn.jpg HTTP/1.1" 304 136 "http://www.utgard.sk/services.html" "Serf/1.3.8 (mod_pagespeed/1.12.34.2-0)"
31.31.78.132 - - [23/Aug/2017:08:54:12 +0200] "GET /img/fotky/2016/29_tn.jpg HTTP/1.1" 304 136 "http://www.utgard.sk/services.html" "Serf/1.3.8 (mod_pagespeed/1.12.34.2-0)"
31.31.78.132 - - [23/Aug/2017:08:54:12 +0200] "GET /img/fotky/2016/67_tn.jpg HTTP/1.1" 304 136 "http://www.utgard.sk/services.html" "Serf/1.3.8 (mod_pagespeed/1.12.34.2-0)"
31.31.78.132 - - [23/Aug/2017:08:54:12 +0200] "GET /img/fotky/2016/78_tn.jpg HTTP/1.1" 304 136 "http://www.utgard.sk/services.html" "Serf/1.3.8 (mod_pagespeed/1.12.34.2-0)"
31.31.78.132 - - [23/Aug/2017:08:54:12 +0200] "GET /img/fotky/2016/75_tn.jpg HTTP/1.1" 304 136 "http://www.utgard.sk/services.html" "Serf/1.3.8 (mod_pagespeed/1.12.34.2-0)"
31.31.78.132 - - [23/Aug/2017:08:54:12 +0200] "GET /img/fotky/2016/63_tn.jpg HTTP/1.1" 304 136 "http://www.utgard.sk/services.html" "Serf/1.3.8 (mod_pagespeed/1.12.34.2-0)"
31.31.78.132 - - [23/Aug/2017:08:54:12 +0200] "GET /img/fotky/2016/23_tn.jpg HTTP/1.1" 304 136 "http://www.utgard.sk/services.html" "Serf/1.3.8 (mod_pagespeed/1.12.34.2-0)"
31.31.78.132 - - [23/Aug/2017:08:54:12 +0200] "GET /img/fotky/2016/18_tn.jpg HTTP/1.1" 304 136 "http://www.utgard.sk/services.html" "Serf/1.3.8 (mod_pagespeed/1.12.34.2-0)"
31.31.78.132 - - [23/Aug/2017:08:54:12 +0200] "GET /img/fotky/2016/9_tn.jpg HTTP/1.1" 304 136 "http://www.utgard.sk/services.html" "Serf/1.3.8 (mod_pagespeed/1.12.34.2-0)"
31.31.78.132 - - [23/Aug/2017:08:54:12 +0200] "GET /img/fotky/2016/12_tn.jpg HTTP/1.1" 304 136 "http://www.utgard.sk/services.html" "Serf/1.3.8 (mod_pagespeed/1.12.34.2-0)"
31.31.78.132 - - [23/Aug/2017:08:54:12 +0200] "GET /img/fotky/2016/46_tn.jpg HTTP/1.1" 304 136 "http://www.utgard.sk/services.html" "Serf/1.3.8 (mod_pagespeed/1.12.34.2-0)"
31.31.78.132 - - [23/Aug/2017:08:54:12 +0200] "GET /img/fotky/2016/65_tn.jpg HTTP/1.1" 304 136 "http://www.utgard.sk/services.html" "Serf/1.3.8 (mod_pagespeed/1.12.34.2-0)"
31.31.78.132 - - [23/Aug/2017:08:54:12 +0200] "GET /img/fotky/2016/37_tn.jpg HTTP/1.1" 304 136 "http://www.utgard.sk/services.html" "Serf/1.3.8 (mod_pagespeed/1.12.34.2-0)"
31.31.78.132 - - [23/Aug/2017:08:54:12 +0200] "GET /img/fotky/2016/21_tn.jpg HTTP/1.1" 304 136 "http://www.utgard.sk/services.html" "Serf/1.3.8 (mod_pagespeed/1.12.34.2-0)"
31.31.78.132 - - [23/Aug/2017:08:54:12 +0200] "GET /img/fotky/2016/34_tn.jpg HTTP/1.1" 304 136 "http://www.utgard.sk/services.html" "Serf/1.3.8 (mod_pagespeed/1.12.34.2-0)"
31.31.78.132 - - [23/Aug/2017:08:54:12 +0200] "GET /img/fotky/2016/95_tn.jpg HTTP/1.1" 304 136 "http://www.utgard.sk/services.html" "Serf/1.3.8 (mod_pagespeed/1.12.34.2-0)"
31.31.78.132 - - [23/Aug/2017:08:54:12 +0200] "GET /img/fotky/2016/27_tn.jpg HTTP/1.1" 304 136 "http://www.utgard.sk/services.html" "Serf/1.3.8 (mod_pagespeed/1.12.34.2-0)"
31.31.78.132 - - [23/Aug/2017:08:54:12 +0200] "GET /img/fotky/2016/3_tn.jpg HTTP/1.1" 304 136 "http://www.utgard.sk/services.html" "Serf/1.3.8 (mod_pagespeed/1.12.34.2-0)"
31.31.78.132 - - [23/Aug/2017:08:54:12 +0200] "GET /img/fotky/2016/13_tn.jpg HTTP/1.1" 304 136 "http://www.utgard.sk/services.html" "Serf/1.3.8 (mod_pagespeed/1.12.34.2-0)"
31.31.78.132 - - [23/Aug/2017:08:54:12 +0200] "GET /img/fotky/2016/73_tn.jpg HTTP/1.1" 304 136 "http://www.utgard.sk/services.html" "Serf/1.3.8 (mod_pagespeed/1.12.34.2-0)"
31.31.78.132 - - [23/Aug/2017:08:54:12 +0200] "GET /img/fotky/2016/14_tn.jpg HTTP/1.1" 304 136 "http://www.utgard.sk/services.html" "Serf/1.3.8 (mod_pagespeed/1.12.34.2-0)"
31.31.78.132 - - [23/Aug/2017:08:54:12 +0200] "GET /img/fotky/2016/93_tn.jpg HTTP/1.1" 304 136 "http://www.utgard.sk/services.html" "Serf/1.3.8 (mod_pagespeed/1.12.34.2-0)"
31.31.78.132 - - [23/Aug/2017:08:54:12 +0200] "GET /img/fotky/2016/35_tn.jpg HTTP/1.1" 304 136 "http://www.utgard.sk/services.html" "Serf/1.3.8 (mod_pagespeed/1.12.34.2-0)"
31.31.78.132 - - [23/Aug/2017:08:54:12 +0200] "GET /img/fotky/2016/71_tn.jpg HTTP/1.1" 304 136 "http://www.utgard.sk/services.html" "Serf/1.3.8 (mod_pagespeed/1.12.34.2-0)"
31.31.78.132 - - [23/Aug/2017:08:54:12 +0200] "GET /img/fotky/2016/15_tn.jpg HTTP/1.1" 304 136 "http://www.utgard.sk/services.html" "Serf/1.3.8 (mod_pagespeed/1.12.34.2-0)"
31.31.78.132 - - [23/Aug/2017:08:54:12 +0200] "GET /img/fotky/2016/10_tn.jpg HTTP/1.1" 304 136 "http://www.utgard.sk/services.html" "Serf/1.3.8 (mod_pagespeed/1.12.34.2-0)"
31.31.78.132 - - [23/Aug/2017:08:54:12 +0200] "GET /img/fotky/2016/70_tn.jpg HTTP/1.1" 304 136 "http://www.utgard.sk/services.html" "Serf/1.3.8 (mod_pagespeed/1.12.34.2-0)"
31.31.78.132 - - [23/Aug/2017:08:54:12 +0200] "GET /img/fotky/2016/24_tn.jpg HTTP/1.1" 304 136 "http://www.utgard.sk/services.html" "Serf/1.3.8 (mod_pagespeed/1.12.34.2-0)"
31.31.78.132 - - [23/Aug/2017:08:54:12 +0200] "GET /img/fotky/2016/33_tn.jpg HTTP/1.1" 304 136 "http://www.utgard.sk/services.html" "Serf/1.3.8 (mod_pagespeed/1.12.34.2-0)"
31.31.78.132 - - [23/Aug/2017:08:54:12 +0200] "GET /img/fotky/2016/17_tn.jpg HTTP/1.1" 304 136 "http://www.utgard.sk/services.html" "Serf/1.3.8 (mod_pagespeed/1.12.34.2-0)"
31.31.78.132 - - [23/Aug/2017:08:54:12 +0200] "GET /img/fotky/2016/41_tn.jpg HTTP/1.1" 304 136 "http://www.utgard.sk/services.html" "Serf/1.3.8 (mod_pagespeed/1.12.34.2-0)"
31.31.78.132 - - [23/Aug/2017:08:54:12 +0200] "GET /img/fotky/2016/31_tn.jpg HTTP/1.1" 304 136 "http://www.utgard.sk/services.html" "Serf/1.3.8 (mod_pagespeed/1.12.34.2-0)"
31.31.78.132 - - [23/Aug/2017:08:54:12 +0200] "GET /img/fotky/2016/47_tn.jpg HTTP/1.1" 304 136 "http://www.utgard.sk/services.html" "Serf/1.3.8 (mod_pagespeed/1.12.34.2-0)"
31.31.78.132 - - [23/Aug/2017:08:54:12 +0200] "GET /img/fotky/2016/49_tn.jpg HTTP/1.1" 304 136 "http://www.utgard.sk/services.html" "Serf/1.3.8 (mod_pagespeed/1.12.34.2-0)"
31.31.78.132 - - [23/Aug/2017:08:54:12 +0200] "GET /img/fotky/2016/1_tn.jpg HTTP/1.1" 304 136 "http://www.utgard.sk/services.html" "Serf/1.3.8 (mod_pagespeed/1.12.34.2-0)"
31.31.78.132 - - [23/Aug/2017:08:54:12 +0200] "GET /img/fotky/2016/54_tn.jpg HTTP/1.1" 304 136 "http://www.utgard.sk/services.html" "Serf/1.3.8 (mod_pagespeed/1.12.34.2-0)"
31.31.78.132 - - [23/Aug/2017:08:54:12 +0200] "GET /img/fotky/2016/50_tn.jpg HTTP/1.1" 304 136 "http://www.utgard.sk/services.html" "Serf/1.3.8 (mod_pagespeed/1.12.34.2-0)"
31.31.78.132 - - [23/Aug/2017:08:54:12 +0200] "GET /img/fotky/2016/25_tn.jpg HTTP/1.1" 304 136 "http://www.utgard.sk/services.html" "Serf/1.3.8 (mod_pagespeed/1.12.34.2-0)"
31.31.78.132 - - [23/Aug/2017:08:54:12 +0200] "GET /img/fotky/2016/86_tn.jpg HTTP/1.1" 304 136 "http://www.utgard.sk/services.html" "Serf/1.3.8 (mod_pagespeed/1.12.34.2-0)"
31.31.78.132 - - [23/Aug/2017:08:54:12 +0200] "GET /img/fotky/2016/74_tn.jpg HTTP/1.1" 304 136 "http://www.utgard.sk/services.html" "Serf/1.3.8 (mod_pagespeed/1.12.34.2-0)"
31.31.78.132 - - [23/Aug/2017:08:54:12 +0200] "GET /img/fotky/2016/11_tn.jpg HTTP/1.1" 304 136 "http://www.utgard.sk/services.html" "Serf/1.3.8 (mod_pagespeed/1.12.34.2-0)"
31.31.78.132 - - [23/Aug/2017:08:54:12 +0200] "GET /img/fotky/2016/51_tn.jpg HTTP/1.1" 304 136 "http://www.utgard.sk/services.html" "Serf/1.3.8 (mod_pagespeed/1.12.34.2-0)"
31.31.78.132 - - [23/Aug/2017:08:54:12 +0200] "GET /img/fotky/2016/62_tn.jpg HTTP/1.1" 304 136 "http://www.utgard.sk/services.html" "Serf/1.3.8 (mod_pagespeed/1.12.34.2-0)"
31.31.78.132 - - [23/Aug/2017:08:54:12 +0200] "GET /img/fotky/2016/52_tn.jpg HTTP/1.1" 304 136 "http://www.utgard.sk/services.html" "Serf/1.3.8 (mod_pagespeed/1.12.34.2-0)"
31.31.78.132 - - [23/Aug/2017:08:54:12 +0200] "GET /img/fotky/2016/5_tn.jpg HTTP/1.1" 304 136 "http://www.utgard.sk/services.html" "Serf/1.3.8 (mod_pagespeed/1.12.34.2-0)"
31.31.78.132 - - [23/Aug/2017:08:54:12 +0200] "GET /img/fotky/2016/87_tn.jpg HTTP/1.1" 304 136 "http://www.utgard.sk/services.html" "Serf/1.3.8 (mod_pagespeed/1.12.34.2-0)"
31.31.78.132 - - [23/Aug/2017:08:54:12 +0200] "GET /img/fotky/2016/53_tn.jpg HTTP/1.1" 304 136 "http://www.utgard.sk/services.html" "Serf/1.3.8 (mod_pagespeed/1.12.34.2-0)"
31.31.78.132 - - [23/Aug/2017:08:54:12 +0200] "GET /img/fotky/2016/69_tn.jpg HTTP/1.1" 304 136 "http://www.utgard.sk/services.html" "Serf/1.3.8 (mod_pagespeed/1.12.34.2-0)"
31.31.78.132 - - [23/Aug/2017:08:54:12 +0200] "GET /img/fotky/2016/56_tn.jpg HTTP/1.1" 304 136 "http://www.utgard.sk/services.html" "Serf/1.3.8 (mod_pagespeed/1.12.34.2-0)"
31.31.78.132 - - [23/Aug/2017:08:54:12 +0200] "GET /img/fotky/2016/57_tn.jpg HTTP/1.1" 304 136 "http://www.utgard.sk/services.html" "Serf/1.3.8 (mod_pagespeed/1.12.34.2-0)"
31.31.78.132 - - [23/Aug/2017:08:54:12 +0200] "GET /img/fotky/2016/36_tn.jpg HTTP/1.1" 304 136 "http://www.utgard.sk/services.html" "Serf/1.3.8 (mod_pagespeed/1.12.34.2-0)"
31.31.78.132 - - [23/Aug/2017:08:54:12 +0200] "GET /img/fotky/2016/58_tn.jpg HTTP/1.1" 304 136 "http://www.utgard.sk/services.html" "Serf/1.3.8 (mod_pagespeed/1.12.34.2-0)"
31.31.78.132 - - [23/Aug/2017:08:54:12 +0200] "GET /img/fotky/2016/59_tn.jpg HTTP/1.1" 304 136 "http://www.utgard.sk/services.html" "Serf/1.3.8 (mod_pagespeed/1.12.34.2-0)"
31.31.78.132 - - [23/Aug/2017:08:54:12 +0200] "GET /img/fotky/2016/60_tn.jpg HTTP/1.1" 304 136 "http://www.utgard.sk/services.html" "Serf/1.3.8 (mod_pagespeed/1.12.34.2-0)"
31.31.78.132 - - [23/Aug/2017:08:54:12 +0200] "GET /img/fotky/2016/80_tn.jpg HTTP/1.1" 304 136 "http://www.utgard.sk/services.html" "Serf/1.3.8 (mod_pagespeed/1.12.34.2-0)"
31.31.78.132 - - [23/Aug/2017:08:54:12 +0200] "GET /img/fotky/2016/61_tn.jpg HTTP/1.1" 304 136 "http://www.utgard.sk/services.html" "Serf/1.3.8 (mod_pagespeed/1.12.34.2-0)"
31.31.78.132 - - [23/Aug/2017:08:54:12 +0200] "GET /img/fotky/2016/28_tn.jpg HTTP/1.1" 304 136 "http://www.utgard.sk/services.html" "Serf/1.3.8 (mod_pagespeed/1.12.34.2-0)"
31.31.78.132 - - [23/Aug/2017:08:54:12 +0200] "GET /img/fotky/2016/64_tn.jpg HTTP/1.1" 304 136 "http://www.utgard.sk/services.html" "Serf/1.3.8 (mod_pagespeed/1.12.34.2-0)"
31.31.78.132 - - [23/Aug/2017:08:54:12 +0200] "GET /img/fotky/2016/81_tn.jpg HTTP/1.1" 304 136 "http://www.utgard.sk/services.html" "Serf/1.3.8 (mod_pagespeed/1.12.34.2-0)"
31.31.78.132 - - [23/Aug/2017:08:54:12 +0200] "GET /img/fotky/2016/66_tn.jpg HTTP/1.1" 304 136 "http://www.utgard.sk/services.html" "Serf/1.3.8 (mod_pagespeed/1.12.34.2-0)"
31.31.78.132 - - [23/Aug/2017:08:54:12 +0200] "GET /img/fotky/2016/82_tn.jpg HTTP/1.1" 304 136 "http://www.utgard.sk/services.html" "Serf/1.3.8 (mod_pagespeed/1.12.34.2-0)"
31.31.78.132 - - [23/Aug/2017:08:54:12 +0200] "GET /img/fotky/2016/91_tn.jpg HTTP/1.1" 304 136 "http://www.utgard.sk/services.html" "Serf/1.3.8 (mod_pagespeed/1.12.34.2-0)"
31.31.78.132 - - [23/Aug/2017:08:54:12 +0200] "GET /img/fotky/2016/68_tn.jpg HTTP/1.1" 304 136 "http://www.utgard.sk/services.html" "Serf/1.3.8 (mod_pagespeed/1.12.34.2-0)"
31.31.78.132 - - [23/Aug/2017:08:54:12 +0200] "GET /img/fotky/2016/72_tn.jpg HTTP/1.1" 304 136 "http://www.utgard.sk/services.html" "Serf/1.3.8 (mod_pagespeed/1.12.34.2-0)"
31.31.78.132 - - [23/Aug/2017:08:54:12 +0200] "GET /img/fotky/2016/79_tn.jpg HTTP/1.1" 304 136 "http://www.utgard.sk/services.html" "Serf/1.3.8 (mod_pagespeed/1.12.34.2-0)"
31.31.78.132 - - [23/Aug/2017:08:54:12 +0200] "GET /img/fotky/2016/83_tn.jpg HTTP/1.1" 304 136 "http://www.utgard.sk/services.html" "Serf/1.3.8 (mod_pagespeed/1.12.34.2-0)"
31.31.78.132 - - [23/Aug/2017:08:54:12 +0200] "GET /img/fotky/2016/84_tn.jpg HTTP/1.1" 304 136 "http://www.utgard.sk/services.html" "Serf/1.3.8 (mod_pagespeed/1.12.34.2-0)"
31.31.78.132 - - [23/Aug/2017:08:54:12 +0200] "GET /img/fotky/2016/26_tn.jpg HTTP/1.1" 304 136 "http://www.utgard.sk/services.html" "Serf/1.3.8 (mod_pagespeed/1.12.34.2-0)"
31.31.78.132 - - [23/Aug/2017:08:54:12 +0200] "GET /img/fotky/2016/76_tn.jpg HTTP/1.1" 304 136 "http://www.utgard.sk/services.html" "Serf/1.3.8 (mod_pagespeed/1.12.34.2-0)"
31.31.78.132 - - [23/Aug/2017:08:54:12 +0200] "GET /img/fotky/2016/85_tn.jpg HTTP/1.1" 304 136 "http://www.utgard.sk/services.html" "Serf/1.3.8 (mod_pagespeed/1.12.34.2-0)"
31.31.78.132 - - [23/Aug/2017:08:54:12 +0200] "GET /img/fotky/2016/89_tn.jpg HTTP/1.1" 304 136 "http://www.utgard.sk/services.html" "Serf/1.3.8 (mod_pagespeed/1.12.34.2-0)"
31.31.78.132 - - [23/Aug/2017:08:54:12 +0200] "GET /img/fotky/2016/92_tn.jpg HTTP/1.1" 304 136 "http://www.utgard.sk/services.html" "Serf/1.3.8 (mod_pagespeed/1.12.34.2-0)"
31.31.78.132 - - [23/Aug/2017:08:54:12 +0200] "GET /img/fotky/2016/42_tn.jpg HTTP/1.1" 304 136 "http://www.utgard.sk/services.html" "Serf/1.3.8 (mod_pagespeed/1.12.34.2-0)"
31.31.78.132 - - [23/Aug/2017:08:54:12 +0200] "GET /img/fotky/2016/94_tn.jpg HTTP/1.1" 304 136 "http://www.utgard.sk/services.html" "Serf/1.3.8 (mod_pagespeed/1.12.34.2-0)"
31.31.78.132 - - [23/Aug/2017:08:54:12 +0200] "GET /img/fotky/2015/203_tn.jpg HTTP/1.1" 200 18706 "http://www.utgard.sk/services.html" "Serf/1.3.8 (mod_pagespeed/1.12.34.2-0)"
46.161.9.57 - - [23/Aug/2017:08:54:11 +0200] "GET /services.html HTTP/1.1" 200 131487 "-" "Mozilla/4.0 (compatible; MSIE 6.0; Windows NT 5.1; SV1)"
31.31.78.132 - - [23/Aug/2017:08:54:12 +0200] "GET /img/fotky/2015/194_tn.jpg HTTP/1.1" 200 15580 "http://www.utgard.sk/services.html" "Serf/1.3.8 (mod_pagespeed/1.12.34.2-0)"
31.31.78.132 - - [23/Aug/2017:08:54:12 +0200] "GET /img/fotky/2015/193_tn.jpg HTTP/1.1" 200 16730 "http://www.utgard.sk/services.html" "Serf/1.3.8 (mod_pagespeed/1.12.34.2-0)"
31.31.78.132 - - [23/Aug/2017:08:54:12 +0200] "GET /img/fotky/2015/185_tn.jpg HTTP/1.1" 200 14355 "http://www.utgard.sk/services.html" "Serf/1.3.8 (mod_pagespeed/1.12.34.2-0)"
31.31.78.132 - - [23/Aug/2017:08:54:12 +0200] "GET /img/fotky/2015/183_tn.jpg HTTP/1.1" 200 18179 "http://www.utgard.sk/services.html" "Serf/1.3.8 (mod_pagespeed/1.12.34.2-0)"
31.31.78.132 - - [23/Aug/2017:08:54:12 +0200] "GET /img/fotky/2015/182_tn.jpg HTTP/1.1" 200 18356 "http://www.utgard.sk/services.html" "Serf/1.3.8 (mod_pagespeed/1.12.34.2-0)"
31.31.78.132 - - [23/Aug/2017:08:54:12 +0200] "GET /img/fotky/2015/201_tn.jpg HTTP/1.1" 200 13666 "http://www.utgard.sk/services.html" "Serf/1.3.8 (mod_pagespeed/1.12.34.2-0)"
31.31.78.132 - - [23/Aug/2017:08:54:12 +0200] "GET /img/fotky/2015/181_tn.jpg HTTP/1.1" 200 16789 "http://www.utgard.sk/services.html" "Serf/1.3.8 (mod_pagespeed/1.12.34.2-0)"
31.31.78.132 - - [23/Aug/2017:08:54:12 +0200] "GET /img/fotky/2015/178_tn.jpg HTTP/1.1" 200 20326 "http://www.utgard.sk/services.html" "Serf/1.3.8 (mod_pagespeed/1.12.34.2-0)"
31.31.78.132 - - [23/Aug/2017:08:54:12 +0200] "GET /img/fotky/2015/174_tn.jpg HTTP/1.1" 200 16357 "http://www.utgard.sk/services.html" "Serf/1.3.8 (mod_pagespeed/1.12.34.2-0)"
31.31.78.132 - - [23/Aug/2017:08:54:12 +0200] "GET /img/fotky/2015/205_tn.jpg HTTP/1.1" 200 18454 "http://www.utgard.sk/services.html" "Serf/1.3.8 (mod_pagespeed/1.12.34.2-0)"
31.31.78.132 - - [23/Aug/2017:08:54:12 +0200] "GET /img/fotky/2015/173_tn.jpg HTTP/1.1" 200 15508 "http://www.utgard.sk/services.html" "Serf/1.3.8 (mod_pagespeed/1.12.34.2-0)"
31.31.78.132 - - [23/Aug/2017:08:54:12 +0200] "GET /img/fotky/2015/172_tn.jpg HTTP/1.1" 200 17808 "http://www.utgard.sk/services.html" "Serf/1.3.8 (mod_pagespeed/1.12.34.2-0)"
31.31.78.132 - - [23/Aug/2017:08:54:12 +0200] "GET /img/fotky/2015/168_tn.jpg HTTP/1.1" 200 15964 "http://www.utgard.sk/services.html" "Serf/1.3.8 (mod_pagespeed/1.12.34.2-0)"
46.161.9.57 - - [23/Aug/2017:08:54:12 +0200] "GET /location.html HTTP/1.1" 200 8332 "-" "Mozilla/4.0 (compatible; MSIE 6.0; Windows NT 5.1; SV1)"
31.31.78.132 - - [23/Aug/2017:08:54:12 +0200] "GET /img/fotky/2015/167_tn.jpg HTTP/1.1" 200 18975 "http://www.utgard.sk/services.html" "Serf/1.3.8 (mod_pagespeed/1.12.34.2-0)"
31.31.78.132 - - [23/Aug/2017:08:54:12 +0200] "GET /img/fotky/2015/166_tn.jpg HTTP/1.1" 200 19241 "http://www.utgard.sk/services.html" "Serf/1.3.8 (mod_pagespeed/1.12.34.2-0)"
31.31.78.132 - - [23/Aug/2017:08:54:12 +0200] "GET /img/loc/prijazd.png HTTP/1.1" 200 712547 "http://www.utgard.sk/location.html" "Serf/1.3.8 (mod_pagespeed/1.12.34.2-0)"
31.31.78.132 - - [23/Aug/2017:08:54:12 +0200] "GET /img/fotky/2015/164_tn.jpg HTTP/1.1" 200 19758 "http://www.utgard.sk/services.html" "Serf/1.3.8 (mod_pagespeed/1.12.34.2-0)"
31.31.78.132 - - [23/Aug/2017:08:54:12 +0200] "GET /img/fotky/2015/163_tn.jpg HTTP/1.1" 200 14614 "http://www.utgard.sk/services.html" "Serf/1.3.8 (mod_pagespeed/1.12.34.2-0)"
31.31.78.132 - - [23/Aug/2017:08:54:12 +0200] "GET /img/fotky/2015/159_tn.jpg HTTP/1.1" 200 17384 "http://www.utgard.sk/services.html" "Serf/1.3.8 (mod_pagespeed/1.12.34.2-0)"
31.31.78.132 - - [23/Aug/2017:08:54:12 +0200] "GET /img/fotky/2015/150_tn.jpg HTTP/1.1" 200 17859 "http://www.utgard.sk/services.html" "Serf/1.3.8 (mod_pagespeed/1.12.34.2-0)"
31.31.78.132 - - [23/Aug/2017:08:54:12 +0200] "GET /img/fotky/2015/148_tn.jpg HTTP/1.1" 200 19785 "http://www.utgard.sk/services.html" "Serf/1.3.8 (mod_pagespeed/1.12.34.2-0)"
31.31.78.132 - - [23/Aug/2017:08:54:12 +0200] "GET /img/fotky/2015/146_tn.jpg HTTP/1.1" 200 18413 "http://www.utgard.sk/services.html" "Serf/1.3.8 (mod_pagespeed/1.12.34.2-0)"
31.31.78.132 - - [23/Aug/2017:08:54:12 +0200] "GET /img/fotky/2015/145_tn.jpg HTTP/1.1" 200 20389 "http://www.utgard.sk/services.html" "Serf/1.3.8 (mod_pagespeed/1.12.34.2-0)"
46.161.9.57 - - [23/Aug/2017:08:54:12 +0200] "GET /program.html HTTP/1.1" 200 8037 "-" "Mozilla/4.0 (compatible; MSIE 6.0; Windows NT 5.1; SV1)"
31.31.78.132 - - [23/Aug/2017:08:54:12 +0200] "GET /img/fotky/2015/197_tn.jpg HTTP/1.1" 200 18766 "http://www.utgard.sk/services.html" "Serf/1.3.8 (mod_pagespeed/1.12.34.2-0)"
31.31.78.132 - - [23/Aug/2017:08:54:12 +0200] "GET /img/fotky/2015/140_tn.jpg HTTP/1.1" 200 17884 "http://www.utgard.sk/services.html" "Serf/1.3.8 (mod_pagespeed/1.12.34.2-0)"
31.31.78.132 - - [23/Aug/2017:08:54:12 +0200] "GET /img/fotky/2015/139_tn.jpg HTTP/1.1" 200 19724 "http://www.utgard.sk/services.html" "Serf/1.3.8 (mod_pagespeed/1.12.34.2-0)"
31.31.78.132 - - [23/Aug/2017:08:54:12 +0200] "GET /img/fotky/2015/241_tn.jpg HTTP/1.1" 200 15395 "http://www.utgard.sk/services.html" "Serf/1.3.8 (mod_pagespeed/1.12.34.2-0)"
