31.31.78.132 - - [23/Aug/2017:10:04:26 +0200] "GET /img/ico/sk.png HTTP/1.1" 304 135 "http://www.utgard.sk/" "Serf/1.3.8 (mod_pagespeed/1.12.34.2-0)"
31.31.78.132 - - [23/Aug/2017:10:04:26 +0200] "GET /img/2017napis.png HTTP/1.1" 304 137 "http://www.utgard.sk/" "Serf/1.3.8 (mod_pagespeed/1.12.34.2-0)"
31.31.78.132 - - [23/Aug/2017:10:04:26 +0200] "GET /img/ico/favicon.ico HTTP/1.1" 304 136 "http://www.utgard.sk/" "Serf/1.3.8 (mod_pagespeed/1.12.34.2-0)"
31.31.78.132 - - [23/Aug/2017:10:04:26 +0200] "GET /img/ico/gb.png HTTP/1.1" 304 135 "http://www.utgard.sk/" "Serf/1.3.8 (mod_pagespeed/1.12.34.2-0)"
31.31.78.132 - - [23/Aug/2017:10:04:26 +0200] "GET /img/parchement.jpg HTTP/1.1" 304 138 "http://www.utgard.sk/" "Serf/1.3.8 (mod_pagespeed/1.12.34.2-0)"
31.31.78.132 - - [23/Aug/2017:10:04:26 +0200] "GET /img/lista.png HTTP/1.1" 304 138 "http://www.utgard.sk/" "Serf/1.3.8 (mod_pagespeed/1.12.34.2-0)"
188.163.79.53 - - [23/Aug/2017:10:04:26 +0200] "GET / HTTP/1.1" 200 8631 "http://pk-services.ru/" "Mozilla/4.0 (compatible; MSIE 6.0; Windows NT 5.1; MRA 4.3 (build 01218); .NET CLR 1.1.4322)"
188.163.79.53 - - [23/Aug/2017:10:04:27 +0200] "GET / HTTP/1.1" 200 8631 "http://pk-services.ru/" "Mozilla/4.0 (compatible; MSIE 6.0; Windows NT 5.1; MRA 4.3 (build 01218); .NET CLR 1.1.4322)"
51.255.65.43 - - [23/Aug/2017:10:24:06 +0200] "GET /img/fotky/2016/17.jpg HTTP/1.1" 200 375437 "-" "Mozilla/5.0 (compatible; AhrefsBot/5.2; +http://ahrefs.com/robot/)"
91.127.142.208 - - [23/Aug/2017:10:42:27 +0200] "GET /img/ico/favicon.ico HTTP/1.1" 200 14995 "-" "Mozilla/5.0 (Windows NT 5.1; rv:38.9) Gecko/20100101 Goanna/2.2 Firefox/38.9 PaleMoon/26.5.0"
51.255.65.12 - - [23/Aug/2017:10:52:07 +0200] "GET /img/fotky/2016/150.jpg HTTP/1.1" 200 331504 "-" "Mozilla/5.0 (compatible; AhrefsBot/5.2; +http://ahrefs.com/robot/)"
131.253.27.91 - - [23/Aug/2017:11:03:08 +0200] "GET /css/A.custom.css.pagespeed.cf.UnQNRooL2B.css HTTP/1.1" 200 1115 "http://www.utgard.sk/" "Mozilla/5.0 (Windows NT 6.1; WOW64) AppleWebKit/534+ (KHTML, like Gecko) BingPreview/1.0b"
31.31.78.132 - - [23/Aug/2017:11:03:09 +0200] "GET /img/ico/sk.png HTTP/1.1" 304 135 "http://www.utgard.sk/" "Serf/1.3.8 (mod_pagespeed/1.12.34.2-0)"
31.31.78.132 - - [23/Aug/2017:11:03:09 +0200] "GET /img/2017napis.png HTTP/1.1" 304 137 "http://www.utgard.sk/" "Serf/1.3.8 (mod_pagespeed/1.12.34.2-0)"
131.253.27.91 - - [23/Aug/2017:11:03:09 +0200] "GET /img/ico/xsk.png.pagespeed.ic.WzPNc1-kgy.png HTTP/1.1" 200 1323 "http://www.utgard.sk/" "Mozilla/5.0 (Windows NT 6.1; WOW64) AppleWebKit/534+ (KHTML, like Gecko) BingPreview/1.0b"
131.253.27.91 - - [23/Aug/2017:11:03:09 +0200] "GET /css/A.bootstrap.min.css.pagespeed.cf.zM0-wO6eqW.css HTTP/1.1" 200 19718 "http://www.utgard.sk/" "Mozilla/5.0 (Windows NT 6.1; WOW64) AppleWebKit/534+ (KHTML, like Gecko) BingPreview/1.0b"
31.31.78.132 - - [23/Aug/2017:11:03:10 +0200] "GET /img/ico/pl.png HTTP/1.1" 304 135 "http://www.utgard.sk/" "Serf/1.3.8 (mod_pagespeed/1.12.34.2-0)"
131.253.27.91 - - [23/Aug/2017:11:03:10 +0200] "GET /img/ico/pl.png.pagespeed.ce.RMgZNxXKJ0.png HTTP/1.1" 200 765 "http://www.utgard.sk/" "Mozilla/5.0 (Windows NT 6.1; WOW64) AppleWebKit/534+ (KHTML, like Gecko) BingPreview/1.0b"
131.253.27.91 - - [23/Aug/2017:11:03:09 +0200] "GET /img/x2017napis.png.pagespeed.ic.QQg8itAYcc.png HTTP/1.1" 200 261498 "http://www.utgard.sk/" "Mozilla/5.0 (Windows NT 6.1; WOW64) AppleWebKit/534+ (KHTML, like Gecko) BingPreview/1.0b"
31.31.78.132 - - [23/Aug/2017:11:03:11 +0200] "GET /img/ico/gb.png HTTP/1.1" 304 135 "http://www.utgard.sk/" "Serf/1.3.8 (mod_pagespeed/1.12.34.2-0)"
131.253.27.91 - - [23/Aug/2017:11:03:11 +0200] "GET /img/ico/xgb.png.pagespeed.ic.rKn7G8bhvl.png HTTP/1.1" 200 1964 "http://www.utgard.sk/" "Mozilla/5.0 (Windows NT 6.1; WOW64) AppleWebKit/534+ (KHTML, like Gecko) BingPreview/1.0b"
131.253.27.91 - - [23/Aug/2017:11:03:17 +0200] "GET /js/bootstrap.min.js.pagespeed.jm.kPV9fTdIjb.js HTTP/1.1" 200 10034 "http://www.utgard.sk/" "Mozilla/5.0 (Windows NT 6.1; WOW64) AppleWebKit/534+ (KHTML, like Gecko) BingPreview/1.0b"
131.253.27.91 - - [23/Aug/2017:11:03:18 +0200] "GET /fonts/custom.ttf HTTP/1.1" 200 104373 "http://www.utgard.sk/" "Mozilla/5.0 (Windows NT 6.1; WOW64) AppleWebKit/534+ (KHTML, like Gecko) BingPreview/1.0b"
131.253.27.91 - - [23/Aug/2017:11:03:18 +0200] "GET /fonts/glyphicons-halflings-regular.ttf HTTP/1.1" 200 45675 "http://www.utgard.sk/" "Mozilla/5.0 (Windows NT 6.1; WOW64) AppleWebKit/534+ (KHTML, like Gecko) BingPreview/1.0b"
207.46.13.30 - - [23/Aug/2017:11:03:19 +0200] "GET /robots.txt HTTP/1.1" 200 346 "-" "Mozilla/5.0 (compatible; bingbot/2.0; +http://www.bing.com/bingbot.htm)"
31.31.78.132 - - [23/Aug/2017:11:03:23 +0200] "GET /img/lista.png HTTP/1.1" 304 138 "http://www.utgard.sk/" "Serf/1.3.8 (mod_pagespeed/1.12.34.2-0)"
131.253.27.91 - - [23/Aug/2017:11:03:23 +0200] "GET /img/xlista.png.pagespeed.ic.7Ktp9H8_DE.jpg HTTP/1.1" 200 1087200 "http://www.utgard.sk/" "Mozilla/5.0 (Windows NT 6.1; WOW64) AppleWebKit/534+ (KHTML, like Gecko) BingPreview/1.0b"
131.253.27.91 - - [23/Aug/2017:11:03:17 +0200] "GET /img/xparchement.jpg.pagespeed.ic.imo2ML8j1n.jpg HTTP/1.1" 200 1121760 "http://www.utgard.sk/" "Mozilla/5.0 (Windows NT 6.1; WOW64) AppleWebKit/534+ (KHTML, like Gecko) BingPreview/1.0b"
216.244.66.199 - - [23/Aug/2017:11:14:07 +0200] "GET /robots.txt HTTP/1.1" 200 302 "-" "Mozilla/5.0 (compatible; DotBot/1.1; http://www.opensiteexplorer.org/dotbot, help@moz.com)"
51.255.65.67 - - [23/Aug/2017:11:25:21 +0200] "GET /img/fotky/2015/107.jpg HTTP/1.1" 200 193729 "-" "Mozilla/5.0 (compatible; AhrefsBot/5.2; +http://ahrefs.com/robot/)"
31.31.78.132 - - [23/Aug/2017:11:28:18 +0200] "GET /js/bootstrap.min.js HTTP/1.1" 304 159 "http://www.utgard.sk/about.html" "Serf/1.3.8 (mod_pagespeed/1.12.34.2-0)"
216.244.66.199 - - [23/Aug/2017:11:28:18 +0200] "GET /about.html HTTP/1.1" 200 11131 "-" "Mozilla/5.0 (compatible; DotBot/1.1; http://www.opensiteexplorer.org/dotbot, help@moz.com)"
31.31.78.132 - - [23/Aug/2017:11:28:18 +0200] "GET /css/custom.css HTTP/1.1" 304 158 "http://www.utgard.sk/about.html" "Serf/1.3.8 (mod_pagespeed/1.12.34.2-0)"
31.31.78.132 - - [23/Aug/2017:11:28:18 +0200] "GET /css/bootstrap.min.css HTTP/1.1" 304 160 "http://www.utgard.sk/about.html" "Serf/1.3.8 (mod_pagespeed/1.12.34.2-0)"
31.31.78.132 - - [23/Aug/2017:11:28:18 +0200] "GET /img/brozura/utgard.png HTTP/1.1" 304 137 "http://www.utgard.sk/about.html" "Serf/1.3.8 (mod_pagespeed/1.12.34.2-0)"
31.31.78.132 - - [23/Aug/2017:11:28:18 +0200] "GET /img/2017napis.png HTTP/1.1" 304 137 "http://www.utgard.sk/about.html" "Serf/1.3.8 (mod_pagespeed/1.12.34.2-0)"
31.31.78.132 - - [23/Aug/2017:11:28:18 +0200] "GET /img/ico/favicon.ico HTTP/1.1" 304 136 "http://www.utgard.sk/about.html" "Serf/1.3.8 (mod_pagespeed/1.12.34.2-0)"
31.31.78.132 - - [23/Aug/2017:11:28:18 +0200] "GET /img/plagaty/plagat2017novy.jpg HTTP/1.1" 304 137 "http://www.utgard.sk/about.html" "Serf/1.3.8 (mod_pagespeed/1.12.34.2-0)"
31.31.78.132 - - [23/Aug/2017:11:28:18 +0200] "GET /img/parchement.jpg HTTP/1.1" 304 138 "http://www.utgard.sk/about.html" "Serf/1.3.8 (mod_pagespeed/1.12.34.2-0)"
31.31.78.132 - - [23/Aug/2017:11:28:18 +0200] "GET /img/lista.png HTTP/1.1" 304 138 "http://www.utgard.sk/about.html" "Serf/1.3.8 (mod_pagespeed/1.12.34.2-0)"
164.132.161.95 - - [23/Aug/2017:11:55:00 +0200] "GET /img/fotky/2016/203.jpg HTTP/1.1" 200 335374 "-" "Mozilla/5.0 (compatible; AhrefsBot/5.2; +http://ahrefs.com/robot/)"
217.69.143.64 - - [23/Aug/2017:11:59:28 +0200] "GET /robots.txt HTTP/1.0" 200 302 "-" "Mozilla/5.0 (compatible; Linux x86_64; Mail.RU_Bot/Robots/2.0; +http://go.mail.ru/help/robots)"
217.69.143.63 - - [23/Aug/2017:11:59:29 +0200] "GET / HTTP/1.1" 200 2506 "-" "Mozilla/5.0 (compatible; Linux x86_64; Mail.RU_Bot/Robots/2.0; +http://go.mail.ru/help/robots)"
31.31.78.132 - - [23/Aug/2017:11:59:29 +0200] "GET /js/bootstrap.min.js HTTP/1.1" 200 37139 "http://utgard.sk/" "Serf/1.3.8 (mod_pagespeed/1.12.34.2-0)"
31.31.78.132 - - [23/Aug/2017:11:59:29 +0200] "GET /css/custom.css HTTP/1.1" 304 158 "http://utgard.sk/" "Serf/1.3.8 (mod_pagespeed/1.12.34.2-0)"
31.31.78.132 - - [23/Aug/2017:11:59:29 +0200] "GET /css/bootstrap.min.css HTTP/1.1" 304 160 "http://utgard.sk/" "Serf/1.3.8 (mod_pagespeed/1.12.34.2-0)"
31.31.78.132 - - [23/Aug/2017:11:59:29 +0200] "GET /img/ico/pl.png HTTP/1.1" 304 135 "http://utgard.sk/" "Serf/1.3.8 (mod_pagespeed/1.12.34.2-0)"
31.31.78.132 - - [23/Aug/2017:11:59:29 +0200] "GET /img/ico/sk.png HTTP/1.1" 304 135 "http://utgard.sk/" "Serf/1.3.8 (mod_pagespeed/1.12.34.2-0)"
31.31.78.132 - - [23/Aug/2017:11:59:29 +0200] "GET /img/2017napis.png HTTP/1.1" 304 137 "http://utgard.sk/" "Serf/1.3.8 (mod_pagespeed/1.12.34.2-0)"
31.31.78.132 - - [23/Aug/2017:11:59:29 +0200] "GET /img/ico/favicon.ico HTTP/1.1" 304 136 "http://utgard.sk/" "Serf/1.3.8 (mod_pagespeed/1.12.34.2-0)"
31.31.78.132 - - [23/Aug/2017:11:59:29 +0200] "GET /img/ico/gb.png HTTP/1.1" 304 135 "http://utgard.sk/" "Serf/1.3.8 (mod_pagespeed/1.12.34.2-0)"
31.31.78.132 - - [23/Aug/2017:11:59:29 +0200] "GET /img/lista.png HTTP/1.1" 304 138 "http://utgard.sk/" "Serf/1.3.8 (mod_pagespeed/1.12.34.2-0)"
31.31.78.132 - - [23/Aug/2017:11:59:29 +0200] "GET /img/parchement.jpg HTTP/1.1" 304 138 "http://utgard.sk/" "Serf/1.3.8 (mod_pagespeed/1.12.34.2-0)"
51.255.65.31 - - [23/Aug/2017:12:00:13 +0200] "GET /img/fotky/2016/166.jpg HTTP/1.1" 200 371363 "-" "Mozilla/5.0 (compatible; AhrefsBot/5.2; +http://ahrefs.com/robot/)"
31.31.78.132 - - [23/Aug/2017:12:06:48 +0200] "GET /css/custom.css HTTP/1.1" 304 158 "http://utgard.sk/about.html" "Serf/1.3.8 (mod_pagespeed/1.12.34.2-0)"
31.31.78.132 - - [23/Aug/2017:12:06:48 +0200] "GET /js/bootstrap.min.js HTTP/1.1" 304 159 "http://utgard.sk/about.html" "Serf/1.3.8 (mod_pagespeed/1.12.34.2-0)"
31.31.78.132 - - [23/Aug/2017:12:06:48 +0200] "GET /css/bootstrap.min.css HTTP/1.1" 304 160 "http://utgard.sk/about.html" "Serf/1.3.8 (mod_pagespeed/1.12.34.2-0)"
31.31.78.132 - - [23/Aug/2017:12:06:48 +0200] "GET /img/brozura/utgard.png HTTP/1.1" 200 381110 "http://utgard.sk/about.html" "Serf/1.3.8 (mod_pagespeed/1.12.34.2-0)"
31.31.78.132 - - [23/Aug/2017:12:06:48 +0200] "GET /img/2017napis.png HTTP/1.1" 304 137 "http://utgard.sk/about.html" "Serf/1.3.8 (mod_pagespeed/1.12.34.2-0)"
40.77.167.14 - - [23/Aug/2017:12:06:48 +0200] "GET /about.html HTTP/1.1" 200 3732 "-" "Mozilla/5.0 (compatible; bingbot/2.0; +http://www.bing.com/bingbot.htm)"
31.31.78.132 - - [23/Aug/2017:12:06:48 +0200] "GET /img/ico/favicon.ico HTTP/1.1" 304 136 "http://utgard.sk/about.html" "Serf/1.3.8 (mod_pagespeed/1.12.34.2-0)"
31.31.78.132 - - [23/Aug/2017:12:06:48 +0200] "GET /img/plagaty/plagat2017novy.jpg HTTP/1.1" 200 926992 "http://utgard.sk/about.html" "Serf/1.3.8 (mod_pagespeed/1.12.34.2-0)"
31.31.78.132 - - [23/Aug/2017:12:06:48 +0200] "GET /img/parchement.jpg HTTP/1.1" 304 138 "http://utgard.sk/about.html" "Serf/1.3.8 (mod_pagespeed/1.12.34.2-0)"
31.31.78.132 - - [23/Aug/2017:12:06:48 +0200] "GET /img/lista.png HTTP/1.1" 304 138 "http://utgard.sk/about.html" "Serf/1.3.8 (mod_pagespeed/1.12.34.2-0)"
31.31.78.132 - - [23/Aug/2017:12:15:33 +0200] "GET /img/ico/gb.png HTTP/1.1" 304 135 "http://www.utgard.sk/" "Serf/1.3.8 (mod_pagespeed/1.12.34.2-0)"
31.31.78.132 - - [23/Aug/2017:12:15:33 +0200] "GET /css/custom.css HTTP/1.1" 304 158 "http://www.utgard.sk/" "Serf/1.3.8 (mod_pagespeed/1.12.34.2-0)"
31.31.78.132 - - [23/Aug/2017:12:15:33 +0200] "GET /js/bootstrap.min.js HTTP/1.1" 304 159 "http://www.utgard.sk/" "Serf/1.3.8 (mod_pagespeed/1.12.34.2-0)"
46.118.154.36 - - [23/Aug/2017:12:15:33 +0200] "GET / HTTP/1.1" 200 8458 "http://taraz.xkaz.org/" "Mozilla/4.0 (compatible; MSIE 6.0; Windows NT) ::ELNSB50::000061100320025802a00111000000000507000900000000"
31.31.78.132 - - [23/Aug/2017:12:15:33 +0200] "GET /css/bootstrap.min.css HTTP/1.1" 304 160 "http://www.utgard.sk/" "Serf/1.3.8 (mod_pagespeed/1.12.34.2-0)"
31.31.78.132 - - [23/Aug/2017:12:15:33 +0200] "GET /img/ico/favicon.ico HTTP/1.1" 304 136 "http://www.utgard.sk/" "Serf/1.3.8 (mod_pagespeed/1.12.34.2-0)"
31.31.78.132 - - [23/Aug/2017:12:15:33 +0200] "GET /img/2017napis.png HTTP/1.1" 304 137 "http://www.utgard.sk/" "Serf/1.3.8 (mod_pagespeed/1.12.34.2-0)"
31.31.78.132 - - [23/Aug/2017:12:15:33 +0200] "GET /img/ico/sk.png HTTP/1.1" 304 135 "http://www.utgard.sk/" "Serf/1.3.8 (mod_pagespeed/1.12.34.2-0)"
31.31.78.132 - - [23/Aug/2017:12:15:33 +0200] "GET /img/ico/pl.png HTTP/1.1" 304 135 "http://www.utgard.sk/" "Serf/1.3.8 (mod_pagespeed/1.12.34.2-0)"
31.31.78.132 - - [23/Aug/2017:12:15:33 +0200] "GET /img/lista.png HTTP/1.1" 304 138 "http://www.utgard.sk/" "Serf/1.3.8 (mod_pagespeed/1.12.34.2-0)"
31.31.78.132 - - [23/Aug/2017:12:15:33 +0200] "GET /img/parchement.jpg HTTP/1.1" 304 138 "http://www.utgard.sk/" "Serf/1.3.8 (mod_pagespeed/1.12.34.2-0)"
46.118.154.36 - - [23/Aug/2017:12:15:34 +0200] "GET / HTTP/1.1" 200 8631 "http://taraz.xkaz.org/" "Mozilla/4.0 (compatible; MSIE 6.0; Windows NT) ::ELNSB50::000061100320025802a00111000000000507000900000000"
46.118.154.36 - - [23/Aug/2017:12:15:34 +0200] "GET / HTTP/1.1" 200 8631 "http://taraz.xkaz.org/" "Mozilla/4.0 (compatible; MSIE 6.0; Windows NT) ::ELNSB50::000061100320025802a00111000000000507000900000000"
164.132.162.155 - - [23/Aug/2017:13:09:18 +0200] "GET /img/fotky/2016/195.jpg HTTP/1.1" 200 355279 "-" "Mozilla/5.0 (compatible; AhrefsBot/5.2; +http://ahrefs.com/robot/)"
65.55.210.8 - - [23/Aug/2017:13:13:59 +0200] "GET /css/custom.css HTTP/1.1" 200 1176 "http://utgard.sk/about.html" "Mozilla/5.0 (Windows NT 6.1; WOW64) AppleWebKit/534+ (KHTML, like Gecko) BingPreview/1.0b"
31.31.78.132 - - [23/Aug/2017:13:14:12 +0200] "GET /css/custom.css HTTP/1.1" 304 158 "http://www.utgard.sk/" "Serf/1.3.8 (mod_pagespeed/1.12.34.2-0)"
31.31.78.132 - - [23/Aug/2017:13:14:12 +0200] "GET /js/bootstrap.min.js HTTP/1.1" 304 159 "http://www.utgard.sk/" "Serf/1.3.8 (mod_pagespeed/1.12.34.2-0)"
31.31.78.132 - - [23/Aug/2017:13:14:12 +0200] "GET /css/bootstrap.min.css HTTP/1.1" 304 160 "http://www.utgard.sk/" "Serf/1.3.8 (mod_pagespeed/1.12.34.2-0)"
46.118.118.100 - - [23/Aug/2017:13:14:12 +0200] "GET / HTTP/1.1" 200 8429 "https://woweb.com.ua/" "Mozilla/4.0 (compatible; MSIE 6.0; Windows 98; Win 9x 4.90)"
31.31.78.132 - - [23/Aug/2017:13:14:12 +0200] "GET /img/ico/pl.png HTTP/1.1" 304 135 "http://www.utgard.sk/" "Serf/1.3.8 (mod_pagespeed/1.12.34.2-0)"
31.31.78.132 - - [23/Aug/2017:13:14:12 +0200] "GET /img/ico/sk.png HTTP/1.1" 304 135 "http://www.utgard.sk/" "Serf/1.3.8 (mod_pagespeed/1.12.34.2-0)"
31.31.78.132 - - [23/Aug/2017:13:14:12 +0200] "GET /img/2017napis.png HTTP/1.1" 304 137 "http://www.utgard.sk/" "Serf/1.3.8 (mod_pagespeed/1.12.34.2-0)"
31.31.78.132 - - [23/Aug/2017:13:14:12 +0200] "GET /img/ico/favicon.ico HTTP/1.1" 304 136 "http://www.utgard.sk/" "Serf/1.3.8 (mod_pagespeed/1.12.34.2-0)"
31.31.78.132 - - [23/Aug/2017:13:14:12 +0200] "GET /img/ico/gb.png HTTP/1.1" 304 135 "http://www.utgard.sk/" "Serf/1.3.8 (mod_pagespeed/1.12.34.2-0)"
31.31.78.132 - - [23/Aug/2017:13:14:12 +0200] "GET /img/parchement.jpg HTTP/1.1" 304 138 "http://www.utgard.sk/" "Serf/1.3.8 (mod_pagespeed/1.12.34.2-0)"
31.31.78.132 - - [23/Aug/2017:13:14:12 +0200] "GET /img/lista.png HTTP/1.1" 304 138 "http://www.utgard.sk/" "Serf/1.3.8 (mod_pagespeed/1.12.34.2-0)"
46.118.118.100 - - [23/Aug/2017:13:14:12 +0200] "GET / HTTP/1.1" 200 8631 "https://woweb.com.ua/" "Mozilla/4.0 (compatible; MSIE 6.0; Windows 98; Win 9x 4.90)"
46.118.118.100 - - [23/Aug/2017:13:14:12 +0200] "GET / HTTP/1.1" 200 8631 "https://woweb.com.ua/" "Mozilla/4.0 (compatible; MSIE 6.0; Windows 98; Win 9x 4.90)"
217.182.132.4 - - [23/Aug/2017:13:50:55 +0200] "GET /img/fotky/2015/152.jpg HTTP/1.1" 200 206754 "-" "Mozilla/5.0 (compatible; AhrefsBot/5.2; +http://ahrefs.com/robot/)"
164.132.161.47 - - [23/Aug/2017:13:58:21 +0200] "GET /img/fotky/2016/171.jpg HTTP/1.1" 200 299972 "-" "Mozilla/5.0 (compatible; AhrefsBot/5.2; +http://ahrefs.com/robot/)"
51.255.71.122 - - [23/Aug/2017:14:21:21 +0200] "GET /img/fotky/2016/189.jpg HTTP/1.1" 200 366762 "-" "Mozilla/5.0 (compatible; AhrefsBot/5.2; +http://ahrefs.com/robot/)"
164.132.161.4 - - [23/Aug/2017:14:54:06 +0200] "GET /img/fotky/2015/16.jpg HTTP/1.1" 200 144350 "-" "Mozilla/5.0 (compatible; AhrefsBot/5.2; +http://ahrefs.com/robot/)"
51.255.65.71 - - [23/Aug/2017:15:27:23 +0200] "GET /img/fotky/2016/196.jpg HTTP/1.1" 200 350690 "-" "Mozilla/5.0 (compatible; AhrefsBot/5.2; +http://ahrefs.com/robot/)"
46.118.154.36 - - [23/Aug/2017:15:34:34 +0200] "GET / HTTP/1.1" 200 8429 "http://komputers-best.ru/" "Mozilla/4.0 (compatible; MSIE 6.0; Windows NT 5.0; T312461)"
31.31.78.132 - - [23/Aug/2017:15:34:34 +0200] "GET /img/ico/gb.png HTTP/1.1" 304 135 "http://www.utgard.sk/" "Serf/1.3.8 (mod_pagespeed/1.12.34.2-0)"
31.31.78.132 - - [23/Aug/2017:15:34:34 +0200] "GET /css/custom.css HTTP/1.1" 304 158 "http://www.utgard.sk/" "Serf/1.3.8 (mod_pagespeed/1.12.34.2-0)"
31.31.78.132 - - [23/Aug/2017:15:34:34 +0200] "GET /js/bootstrap.min.js HTTP/1.1" 304 159 "http://www.utgard.sk/" "Serf/1.3.8 (mod_pagespeed/1.12.34.2-0)"
31.31.78.132 - - [23/Aug/2017:15:34:34 +0200] "GET /css/bootstrap.min.css HTTP/1.1" 304 160 "http://www.utgard.sk/" "Serf/1.3.8 (mod_pagespeed/1.12.34.2-0)"
31.31.78.132 - - [23/Aug/2017:15:34:34 +0200] "GET /img/ico/favicon.ico HTTP/1.1" 304 136 "http://www.utgard.sk/" "Serf/1.3.8 (mod_pagespeed/1.12.34.2-0)"
31.31.78.132 - - [23/Aug/2017:15:34:34 +0200] "GET /img/2017napis.png HTTP/1.1" 304 137 "http://www.utgard.sk/" "Serf/1.3.8 (mod_pagespeed/1.12.34.2-0)"
31.31.78.132 - - [23/Aug/2017:15:34:34 +0200] "GET /img/ico/sk.png HTTP/1.1" 304 135 "http://www.utgard.sk/" "Serf/1.3.8 (mod_pagespeed/1.12.34.2-0)"
31.31.78.132 - - [23/Aug/2017:15:34:34 +0200] "GET /img/ico/pl.png HTTP/1.1" 304 135 "http://www.utgard.sk/" "Serf/1.3.8 (mod_pagespeed/1.12.34.2-0)"
31.31.78.132 - - [23/Aug/2017:15:34:34 +0200] "GET /img/lista.png HTTP/1.1" 304 138 "http://www.utgard.sk/" "Serf/1.3.8 (mod_pagespeed/1.12.34.2-0)"
31.31.78.132 - - [23/Aug/2017:15:34:34 +0200] "GET /img/parchement.jpg HTTP/1.1" 304 138 "http://www.utgard.sk/" "Serf/1.3.8 (mod_pagespeed/1.12.34.2-0)"
46.118.154.36 - - [23/Aug/2017:15:34:34 +0200] "GET / HTTP/1.1" 200 8601 "http://komputers-best.ru/" "Mozilla/4.0 (compatible; MSIE 6.0; Windows NT 5.0; T312461)"
46.118.154.36 - - [23/Aug/2017:15:34:35 +0200] "GET / HTTP/1.1" 200 8631 "http://komputers-best.ru/" "Mozilla/4.0 (compatible; MSIE 6.0; Windows NT 5.0; T312461)"
164.132.161.13 - - [23/Aug/2017:15:43:16 +0200] "GET /img/fotky/2016/159.jpg HTTP/1.1" 200 377240 "-" "Mozilla/5.0 (compatible; AhrefsBot/5.2; +http://ahrefs.com/robot/)"
217.182.132.67 - - [23/Aug/2017:15:54:14 +0200] "GET /img/fotky/2015/101.jpg HTTP/1.1" 200 109924 "-" "Mozilla/5.0 (compatible; AhrefsBot/5.2; +http://ahrefs.com/robot/)"
31.31.78.132 - - [23/Aug/2017:16:03:46 +0200] "GET /img/2017napis.png HTTP/1.1" 304 137 "http://www.utgard.sk/" "Serf/1.3.8 (mod_pagespeed/1.12.34.2-0)"
31.31.78.132 - - [23/Aug/2017:16:03:46 +0200] "GET /img/ico/sk.png HTTP/1.1" 304 135 "http://www.utgard.sk/" "Serf/1.3.8 (mod_pagespeed/1.12.34.2-0)"
31.31.78.132 - - [23/Aug/2017:16:03:46 +0200] "GET /img/ico/pl.png HTTP/1.1" 304 135 "http://www.utgard.sk/" "Serf/1.3.8 (mod_pagespeed/1.12.34.2-0)"
31.31.78.132 - - [23/Aug/2017:16:03:46 +0200] "GET /img/ico/gb.png HTTP/1.1" 304 135 "http://www.utgard.sk/" "Serf/1.3.8 (mod_pagespeed/1.12.34.2-0)"
31.31.78.132 - - [23/Aug/2017:16:03:46 +0200] "GET /css/custom.css HTTP/1.1" 304 158 "http://www.utgard.sk/" "Serf/1.3.8 (mod_pagespeed/1.12.34.2-0)"
66.249.93.207 - - [23/Aug/2017:16:03:46 +0200] "GET / HTTP/1.1" 200 4408 "https://www.google.sk/" "Mozilla/5.0 (Linux; Android 6.0; HUAWEI VNS-L21 Build/HUAWEIVNS-L21) AppleWebKit/537.36 (KHTML, like Gecko) Chrome/59.0.3071.125 Mobile Safari/537.36"
31.31.78.132 - - [23/Aug/2017:16:03:46 +0200] "GET /js/bootstrap.min.js HTTP/1.1" 304 159 "http://www.utgard.sk/" "Serf/1.3.8 (mod_pagespeed/1.12.34.2-0)"
31.31.78.132 - - [23/Aug/2017:16:03:46 +0200] "GET /css/bootstrap.min.css HTTP/1.1" 304 160 "http://www.utgard.sk/" "Serf/1.3.8 (mod_pagespeed/1.12.34.2-0)"
31.31.78.132 - - [23/Aug/2017:16:03:46 +0200] "GET /img/ico/favicon.ico HTTP/1.1" 304 136 "http://www.utgard.sk/" "Serf/1.3.8 (mod_pagespeed/1.12.34.2-0)"
66.249.93.208 - - [23/Aug/2017:16:03:46 +0200] "GET /css/bootstrap.min.css HTTP/1.1" 200 19905 "https://www.google.sk/search?client=ms-android-huawei&ei=IoudWfVV6MToBO2RsuAP&q=utgard+2017+program&oq=utgard+2017+pr&gs_l=mobile-gws-serp.1.0.0.3858.5260.0.5818.4.4.0.0.0.0.158.467.0j3.3.0....0...1.1j4.64.mobile-gws-serp..1.3.466.oCRnS1GT94s" "Mozilla/5.0 (Linux; Android 6.0; HUAWEI VNS-L21 Build/HUAWEIVNS-L21) AppleWebKit/537.36 (KHTML, like Gecko) Chrome/59.0.3071.125 Mobile Safari/537.36"
31.31.78.132 - - [23/Aug/2017:16:03:47 +0200] "GET /img/lista.png HTTP/1.1" 304 138 "http://www.utgard.sk/" "Serf/1.3.8 (mod_pagespeed/1.12.34.2-0)"
31.31.78.132 - - [23/Aug/2017:16:03:47 +0200] "GET /img/parchement.jpg HTTP/1.1" 304 138 "http://www.utgard.sk/" "Serf/1.3.8 (mod_pagespeed/1.12.34.2-0)"
66.249.93.209 - - [23/Aug/2017:16:03:48 +0200] "GET /css/custom.css HTTP/1.1" 200 1295 "https://www.google.sk/search?client=ms-android-huawei&ei=IoudWfVV6MToBO2RsuAP&q=utgard+2017+program&oq=utgard+2017+pr&gs_l=mobile-gws-serp.1.0.0.3858.5260.0.5818.4.4.0.0.0.0.158.467.0j3.3.0....0...1.1j4.64.mobile-gws-serp..1.3.466.oCRnS1GT94s" "Mozilla/5.0 (Linux; Android 6.0; HUAWEI VNS-L21 Build/HUAWEIVNS-L21) AppleWebKit/537.36 (KHTML, like Gecko) Chrome/59.0.3071.125 Mobile Safari/537.36"
66.249.93.208 - - [23/Aug/2017:16:03:49 +0200] "GET /img/ico/gb.png HTTP/1.1" 200 2121 "http://www.utgard.sk/" "Mozilla/5.0 (Linux; Android 6.0; HUAWEI VNS-L21 Build/HUAWEIVNS-L21) AppleWebKit/537.36 (KHTML, like Gecko) Chrome/59.0.3071.125 Mobile Safari/537.36"
66.249.93.209 - - [23/Aug/2017:16:03:49 +0200] "GET /fonts/custom.ttf HTTP/1.1" 200 104373 "http://www.utgard.sk/css/custom.css" "Mozilla/5.0 (Linux; Android 6.0; HUAWEI VNS-L21 Build/HUAWEIVNS-L21) AppleWebKit/537.36 (KHTML, like Gecko) Chrome/59.0.3071.125 Mobile Safari/537.36"
66.249.93.209 - - [23/Aug/2017:16:03:49 +0200] "GET /fonts/glyphicons-halflings-regular.woff2 HTTP/1.1" 200 18299 "http://www.utgard.sk/css/bootstrap.min.css" "Mozilla/5.0 (Linux; Android 6.0; HUAWEI VNS-L21 Build/HUAWEIVNS-L21) AppleWebKit/537.36 (KHTML, like Gecko) Chrome/59.0.3071.125 Mobile Safari/537.36"
66.249.93.207 - - [23/Aug/2017:16:03:49 +0200] "GET /img/parchement.jpg HTTP/1.1" 200 2030282 "http://www.utgard.sk/css/custom.css" "Mozilla/5.0 (Linux; Android 6.0; HUAWEI VNS-L21 Build/HUAWEIVNS-L21) AppleWebKit/537.36 (KHTML, like Gecko) Chrome/59.0.3071.125 Mobile Safari/537.36"
66.249.93.209 - - [23/Aug/2017:16:03:49 +0200] "GET /img/lista.png HTTP/1.1" 200 1295122 "http://www.utgard.sk/css/custom.css" "Mozilla/5.0 (Linux; Android 6.0; HUAWEI VNS-L21 Build/HUAWEIVNS-L21) AppleWebKit/537.36 (KHTML, like Gecko) Chrome/59.0.3071.125 Mobile Safari/537.36"
66.249.93.208 - - [23/Aug/2017:16:03:51 +0200] "GET /img/ico/sk.png HTTP/1.1" 200 1295 "http://www.utgard.sk/" "Mozilla/5.0 (Linux; Android 6.0; HUAWEI VNS-L21 Build/HUAWEIVNS-L21) AppleWebKit/537.36 (KHTML, like Gecko) Chrome/59.0.3071.125 Mobile Safari/537.36"
66.249.93.209 - - [23/Aug/2017:16:03:51 +0200] "GET /img/ico/pl.png HTTP/1.1" 200 733 "http://www.utgard.sk/" "Mozilla/5.0 (Linux; Android 6.0; HUAWEI VNS-L21 Build/HUAWEIVNS-L21) AppleWebKit/537.36 (KHTML, like Gecko) Chrome/59.0.3071.125 Mobile Safari/537.36"
66.249.93.208 - - [23/Aug/2017:16:03:51 +0200] "GET /js/bootstrap.min.js HTTP/1.1" 200 10181 "http://www.utgard.sk/" "Mozilla/5.0 (Linux; Android 6.0; HUAWEI VNS-L21 Build/HUAWEIVNS-L21) AppleWebKit/537.36 (KHTML, like Gecko) Chrome/59.0.3071.125 Mobile Safari/537.36"
66.249.93.208 - - [23/Aug/2017:16:03:53 +0200] "GET /img/x2017napis.png.pagespeed.ic.HeFfMef3fp.webp HTTP/1.1" 200 160247 "http://www.utgard.sk/" "Mozilla/5.0 (Linux; Android 6.0; HUAWEI VNS-L21 Build/HUAWEIVNS-L21) AppleWebKit/537.36 (KHTML, like Gecko) Chrome/59.0.3071.125 Mobile Safari/537.36"
178.40.181.70 - - [23/Aug/2017:16:03:53 +0200] "POST /mod_pagespeed_beacon?url=http%3A%2F%2Fwww.utgard.sk%2F HTTP/1.1" 204 161 "http://www.utgard.sk/" "Mozilla/5.0 (Linux; Android 6.0; HUAWEI VNS-L21 Build/HUAWEIVNS-L21) AppleWebKit/537.36 (KHTML, like Gecko) Chrome/59.0.3071.125 Mobile Safari/537.36"
66.249.93.209 - - [23/Aug/2017:16:03:53 +0200] "GET /img/ico/favicon.ico HTTP/1.1" 200 14995 "http://www.utgard.sk/" "Mozilla/5.0 (Linux; Android 6.0; HUAWEI VNS-L21 Build/HUAWEIVNS-L21) AppleWebKit/537.36 (KHTML, like Gecko) Chrome/59.0.3071.125 Mobile Safari/537.36"
66.249.93.208 - - [23/Aug/2017:16:04:03 +0200] "GET /program.html HTTP/1.1" 200 4268 "http://www.utgard.sk/" "Mozilla/5.0 (Linux; Android 6.0; HUAWEI VNS-L21 Build/HUAWEIVNS-L21) AppleWebKit/537.36 (KHTML, like Gecko) Chrome/59.0.3071.125 Mobile Safari/537.36"
66.249.93.209 - - [23/Aug/2017:16:04:04 +0200] "GET /css/A.custom.css.pagespeed.cf.eSxAKGHZ8B.css HTTP/1.1" 200 1120 "http://www.utgard.sk/program.html" "Mozilla/5.0 (Linux; Android 6.0; HUAWEI VNS-L21 Build/HUAWEIVNS-L21) AppleWebKit/537.36 (KHTML, like Gecko) Chrome/59.0.3071.125 Mobile Safari/537.36"
66.249.93.207 - - [23/Aug/2017:16:04:04 +0200] "GET /css/A.bootstrap.min.css.pagespeed.cf.zM0-wO6eqW.css HTTP/1.1" 200 19718 "http://www.utgard.sk/program.html" "Mozilla/5.0 (Linux; Android 6.0; HUAWEI VNS-L21 Build/HUAWEIVNS-L21) AppleWebKit/537.36 (KHTML, like Gecko) Chrome/59.0.3071.125 Mobile Safari/537.36"
66.249.93.209 - - [23/Aug/2017:16:04:04 +0200] "GET /js/bootstrap.min.js.pagespeed.jm.kPV9fTdIjb.js HTTP/1.1" 200 10034 "http://www.utgard.sk/program.html" "Mozilla/5.0 (Linux; Android 6.0; HUAWEI VNS-L21 Build/HUAWEIVNS-L21) AppleWebKit/537.36 (KHTML, like Gecko) Chrome/59.0.3071.125 Mobile Safari/537.36"
66.249.93.208 - - [23/Aug/2017:16:04:04 +0200] "GET /img/xlista.png.pagespeed.ic.7egHx9DFjz.webp HTTP/1.1" 200 24909 "http://www.utgard.sk/css/A.custom.css.pagespeed.cf.eSxAKGHZ8B.css" "Mozilla/5.0 (Linux; Android 6.0; HUAWEI VNS-L21 Build/HUAWEIVNS-L21) AppleWebKit/537.36 (KHTML, like Gecko) Chrome/59.0.3071.125 Mobile Safari/537.36"
66.249.93.209 - - [23/Aug/2017:16:04:04 +0200] "GET /img/xparchement.jpg.pagespeed.ic.8XUO4QlIaJ.webp HTTP/1.1" 200 769347 "http://www.utgard.sk/css/A.custom.css.pagespeed.cf.eSxAKGHZ8B.css" "Mozilla/5.0 (Linux; Android 6.0; HUAWEI VNS-L21 Build/HUAWEIVNS-L21) AppleWebKit/537.36 (KHTML, like Gecko) Chrome/59.0.3071.125 Mobile Safari/537.36"
178.40.181.70 - - [23/Aug/2017:16:04:07 +0200] "POST /mod_pagespeed_beacon?url=http%3A%2F%2Fwww.utgard.sk%2Fprogram.html HTTP/1.1" 204 161 "http://www.utgard.sk/program.html" "Mozilla/5.0 (Linux; Android 6.0; HUAWEI VNS-L21 Build/HUAWEIVNS-L21) AppleWebKit/537.36 (KHTML, like Gecko) Chrome/59.0.3071.125 Mobile Safari/537.36"
31.31.78.132 - - [23/Aug/2017:16:04:11 +0200] "GET /img/brozura/utgard.png HTTP/1.1" 304 137 "http://www.utgard.sk/about.html" "Serf/1.3.8 (mod_pagespeed/1.12.34.2-0)"
31.31.78.132 - - [23/Aug/2017:16:04:11 +0200] "GET /img/plagaty/plagat2017novy.jpg HTTP/1.1" 304 137 "http://www.utgard.sk/about.html" "Serf/1.3.8 (mod_pagespeed/1.12.34.2-0)"
66.249.93.207 - - [23/Aug/2017:16:04:11 +0200] "GET /about.html HTTP/1.1" 200 5693 "http://www.utgard.sk/program.html" "Mozilla/5.0 (Linux; Android 6.0; HUAWEI VNS-L21 Build/HUAWEIVNS-L21) AppleWebKit/537.36 (KHTML, like Gecko) Chrome/59.0.3071.125 Mobile Safari/537.36"
66.249.93.209 - - [23/Aug/2017:16:04:12 +0200] "GET /img/brozura/utgard.png HTTP/1.1" 200 381224 "http://www.utgard.sk/about.html" "Mozilla/5.0 (Linux; Android 6.0; HUAWEI VNS-L21 Build/HUAWEIVNS-L21) AppleWebKit/537.36 (KHTML, like Gecko) Chrome/59.0.3071.125 Mobile Safari/537.36"
66.249.93.207 - - [23/Aug/2017:16:04:12 +0200] "GET /img/plagaty/plagat2017novy.jpg HTTP/1.1" 200 927106 "http://www.utgard.sk/about.html" "Mozilla/5.0 (Linux; Android 6.0; HUAWEI VNS-L21 Build/HUAWEIVNS-L21) AppleWebKit/537.36 (KHTML, like Gecko) Chrome/59.0.3071.125 Mobile Safari/537.36"
178.40.181.70 - - [23/Aug/2017:16:04:12 +0200] "POST /mod_pagespeed_beacon?url=http%3A%2F%2Fwww.utgard.sk%2Fabout.html HTTP/1.1" 204 161 "http://www.utgard.sk/about.html" "Mozilla/5.0 (Linux; Android 6.0; HUAWEI VNS-L21 Build/HUAWEIVNS-L21) AppleWebKit/537.36 (KHTML, like Gecko) Chrome/59.0.3071.125 Mobile Safari/537.36"
178.40.181.70 - - [23/Aug/2017:16:04:28 +0200] "POST /mod_pagespeed_beacon?url=http%3A%2F%2Fwww.utgard.sk%2Fprogram.html HTTP/1.1" 204 161 "http://www.utgard.sk/program.html" "Mozilla/5.0 (Linux; Android 6.0; HUAWEI VNS-L21 Build/HUAWEIVNS-L21) AppleWebKit/537.36 (KHTML, like Gecko) Chrome/59.0.3071.125 Mobile Safari/537.36"
217.182.132.30 - - [23/Aug/2017:16:10:38 +0200] "GET /img/fotky/2015/133.jpg HTTP/1.1" 200 253444 "-" "Mozilla/5.0 (compatible; AhrefsBot/5.2; +http://ahrefs.com/robot/)"
217.182.132.182 - - [23/Aug/2017:16:12:25 +0200] "GET /img/fotky/2016/151.jpg HTTP/1.1" 200 241598 "-" "Mozilla/5.0 (compatible; AhrefsBot/5.2; +http://ahrefs.com/robot/)"
164.132.161.14 - - [23/Aug/2017:16:14:37 +0200] "GET /img/fotky/2015/118.jpg HTTP/1.1" 200 209288 "-" "Mozilla/5.0 (compatible; AhrefsBot/5.2; +http://ahrefs.com/robot/)"
51.255.65.35 - - [23/Aug/2017:16:19:11 +0200] "GET /img/fotky/2016/146.jpg HTTP/1.1" 200 390592 "-" "Mozilla/5.0 (compatible; AhrefsBot/5.2; +http://ahrefs.com/robot/)"
77.75.78.166 - - [23/Aug/2017:16:19:42 +0200] "GET /robots.txt HTTP/1.1" 200 346 "-" "Mozilla/5.0 (compatible; SeznamBot/3.2; +http://napoveda.seznam.cz/en/seznambot-intro/)"
31.31.78.132 - - [23/Aug/2017:16:20:47 +0200] "GET /img/2017napis.png HTTP/1.1" 304 137 "http://utgard.sk/" "Serf/1.3.8 (mod_pagespeed/1.12.34.2-0)"
31.31.78.132 - - [23/Aug/2017:16:20:47 +0200] "GET /img/ico/pl.png HTTP/1.1" 304 135 "http://utgard.sk/" "Serf/1.3.8 (mod_pagespeed/1.12.34.2-0)"
37.58.1.38 - - [23/Aug/2017:16:20:47 +0200] "GET / HTTP/1.1" 200 4379 "-" "Mozilla/5.0 (Linux; Android 6.0.1; SAMSUNG SM-A320FL Build/MMB29K) AppleWebKit/537.36 (KHTML, like Gecko) SamsungBrowser/5.4 Chrome/51.0.2704.106 Mobile Safari/537.36"
31.31.78.132 - - [23/Aug/2017:16:20:47 +0200] "GET /img/ico/sk.png HTTP/1.1" 304 135 "http://utgard.sk/" "Serf/1.3.8 (mod_pagespeed/1.12.34.2-0)"
31.31.78.132 - - [23/Aug/2017:16:20:47 +0200] "GET /js/bootstrap.min.js HTTP/1.1" 304 159 "http://utgard.sk/" "Serf/1.3.8 (mod_pagespeed/1.12.34.2-0)"
31.31.78.132 - - [23/Aug/2017:16:20:47 +0200] "GET /css/custom.css HTTP/1.1" 304 158 "http://utgard.sk/" "Serf/1.3.8 (mod_pagespeed/1.12.34.2-0)"
31.31.78.132 - - [23/Aug/2017:16:20:47 +0200] "GET /css/bootstrap.min.css HTTP/1.1" 304 160 "http://utgard.sk/" "Serf/1.3.8 (mod_pagespeed/1.12.34.2-0)"
31.31.78.132 - - [23/Aug/2017:16:20:47 +0200] "GET /img/ico/favicon.ico HTTP/1.1" 304 136 "http://utgard.sk/" "Serf/1.3.8 (mod_pagespeed/1.12.34.2-0)"
31.31.78.132 - - [23/Aug/2017:16:20:47 +0200] "GET /img/ico/gb.png HTTP/1.1" 304 135 "http://utgard.sk/" "Serf/1.3.8 (mod_pagespeed/1.12.34.2-0)"
37.58.1.38 - - [23/Aug/2017:16:20:47 +0200] "GET /css/custom.css HTTP/1.1" 200 1295 "http://utgard.sk/" "Mozilla/5.0 (Linux; Android 6.0.1; SAMSUNG SM-A320FL Build/MMB29K) AppleWebKit/537.36 (KHTML, like Gecko) SamsungBrowser/5.4 Chrome/51.0.2704.106 Mobile Safari/537.36"
37.58.1.38 - - [23/Aug/2017:16:20:47 +0200] "GET /js/bootstrap.min.js HTTP/1.1" 200 10181 "http://utgard.sk/" "Mozilla/5.0 (Linux; Android 6.0.1; SAMSUNG SM-A320FL Build/MMB29K) AppleWebKit/537.36 (KHTML, like Gecko) SamsungBrowser/5.4 Chrome/51.0.2704.106 Mobile Safari/537.36"
37.58.1.38 - - [23/Aug/2017:16:20:47 +0200] "GET /css/bootstrap.min.css HTTP/1.1" 200 20026 "http://utgard.sk/" "Mozilla/5.0 (Linux; Android 6.0.1; SAMSUNG SM-A320FL Build/MMB29K) AppleWebKit/537.36 (KHTML, like Gecko) SamsungBrowser/5.4 Chrome/51.0.2704.106 Mobile Safari/537.36"
31.31.78.132 - - [23/Aug/2017:16:20:47 +0200] "GET /img/lista.png HTTP/1.1" 304 138 "http://utgard.sk/css/custom.css" "Serf/1.3.8 (mod_pagespeed/1.12.34.2-0)"
37.58.1.38 - - [23/Aug/2017:16:20:47 +0200] "GET /img/ico/sk.png HTTP/1.1" 200 1295 "http://utgard.sk/" "Mozilla/5.0 (Linux; Android 6.0.1; SAMSUNG SM-A320FL Build/MMB29K) AppleWebKit/537.36 (KHTML, like Gecko) SamsungBrowser/5.4 Chrome/51.0.2704.106 Mobile Safari/537.36"
37.58.1.38 - - [23/Aug/2017:16:20:47 +0200] "GET /img/ico/pl.png HTTP/1.1" 200 733 "http://utgard.sk/" "Mozilla/5.0 (Linux; Android 6.0.1; SAMSUNG SM-A320FL Build/MMB29K) AppleWebKit/537.36 (KHTML, like Gecko) SamsungBrowser/5.4 Chrome/51.0.2704.106 Mobile Safari/537.36"
37.58.1.38 - - [23/Aug/2017:16:20:47 +0200] "GET /img/ico/gb.png HTTP/1.1" 200 2121 "http://utgard.sk/" "Mozilla/5.0 (Linux; Android 6.0.1; SAMSUNG SM-A320FL Build/MMB29K) AppleWebKit/537.36 (KHTML, like Gecko) SamsungBrowser/5.4 Chrome/51.0.2704.106 Mobile Safari/537.36"
37.58.1.38 - - [23/Aug/2017:16:20:47 +0200] "GET /img/2017napis.png HTTP/1.1" 200 261474 "http://utgard.sk/" "Mozilla/5.0 (Linux; Android 6.0.1; SAMSUNG SM-A320FL Build/MMB29K) AppleWebKit/537.36 (KHTML, like Gecko) SamsungBrowser/5.4 Chrome/51.0.2704.106 Mobile Safari/537.36"
31.31.78.132 - - [23/Aug/2017:16:20:47 +0200] "GET /img/parchement.jpg HTTP/1.1" 304 138 "http://utgard.sk/css/custom.css" "Serf/1.3.8 (mod_pagespeed/1.12.34.2-0)"
37.58.1.38 - - [23/Aug/2017:16:20:47 +0200] "GET /fonts/glyphicons-halflings-regular.woff2 HTTP/1.1" 200 18299 "http://utgard.sk/css/bootstrap.min.css" "Mozilla/5.0 (Linux; Android 6.0.1; SAMSUNG SM-A320FL Build/MMB29K) AppleWebKit/537.36 (KHTML, like Gecko) SamsungBrowser/5.4 Chrome/51.0.2704.106 Mobile Safari/537.36"
37.58.1.38 - - [23/Aug/2017:16:20:47 +0200] "GET /fonts/custom.ttf HTTP/1.1" 200 104373 "http://utgard.sk/css/custom.css" "Mozilla/5.0 (Linux; Android 6.0.1; SAMSUNG SM-A320FL Build/MMB29K) AppleWebKit/537.36 (KHTML, like Gecko) SamsungBrowser/5.4 Chrome/51.0.2704.106 Mobile Safari/537.36"
37.58.1.38 - - [23/Aug/2017:16:20:47 +0200] "GET /img/lista.png HTTP/1.1" 200 1295122 "http://utgard.sk/css/custom.css" "Mozilla/5.0 (Linux; Android 6.0.1; SAMSUNG SM-A320FL Build/MMB29K) AppleWebKit/537.36 (KHTML, like Gecko) SamsungBrowser/5.4 Chrome/51.0.2704.106 Mobile Safari/537.36"
37.58.1.38 - - [23/Aug/2017:16:20:47 +0200] "GET /img/parchement.jpg HTTP/1.1" 200 2030196 "http://utgard.sk/css/custom.css" "Mozilla/5.0 (Linux; Android 6.0.1; SAMSUNG SM-A320FL Build/MMB29K) AppleWebKit/537.36 (KHTML, like Gecko) SamsungBrowser/5.4 Chrome/51.0.2704.106 Mobile Safari/537.36"
37.58.1.38 - - [23/Aug/2017:16:20:49 +0200] "POST /mod_pagespeed_beacon?url=http%3A%2F%2Futgard.sk%2F HTTP/1.1" 204 161 "http://utgard.sk/" "Mozilla/5.0 (Linux; Android 6.0.1; SAMSUNG SM-A320FL Build/MMB29K) AppleWebKit/537.36 (KHTML, like Gecko) SamsungBrowser/5.4 Chrome/51.0.2704.106 Mobile Safari/537.36"
37.58.1.38 - - [23/Aug/2017:16:20:49 +0200] "GET /img/ico/favicon.ico HTTP/1.1" 200 14995 "http://utgard.sk/" "Mozilla/5.0 (Linux; Android 6.0.1; SAMSUNG SM-A320FL Build/MMB29K) AppleWebKit/537.36 (KHTML, like Gecko) SamsungBrowser/5.4 Chrome/51.0.2704.106 Mobile Safari/537.36"
31.31.78.132 - - [23/Aug/2017:16:21:00 +0200] "GET /img/brozura/utgard.png HTTP/1.1" 304 137 "http://utgard.sk/about.html" "Serf/1.3.8 (mod_pagespeed/1.12.34.2-0)"
37.58.1.38 - - [23/Aug/2017:16:21:00 +0200] "GET /about.html HTTP/1.1" 200 5693 "http://utgard.sk/" "Mozilla/5.0 (Linux; Android 6.0.1; SAMSUNG SM-A320FL Build/MMB29K) AppleWebKit/537.36 (KHTML, like Gecko) SamsungBrowser/5.4 Chrome/51.0.2704.106 Mobile Safari/537.36"
31.31.78.132 - - [23/Aug/2017:16:21:00 +0200] "GET /img/plagaty/plagat2017novy.jpg HTTP/1.1" 304 137 "http://utgard.sk/about.html" "Serf/1.3.8 (mod_pagespeed/1.12.34.2-0)"
37.58.1.38 - - [23/Aug/2017:16:21:00 +0200] "GET /css/A.custom.css.pagespeed.cf.Nx2qZt4cWT.css HTTP/1.1" 200 1112 "http://utgard.sk/about.html" "Mozilla/5.0 (Linux; Android 6.0.1; SAMSUNG SM-A320FL Build/MMB29K) AppleWebKit/537.36 (KHTML, like Gecko) SamsungBrowser/5.4 Chrome/51.0.2704.106 Mobile Safari/537.36"
37.58.1.38 - - [23/Aug/2017:16:21:00 +0200] "GET /js/bootstrap.min.js.pagespeed.jm.kPV9fTdIjb.js HTTP/1.1" 200 10034 "http://utgard.sk/about.html" "Mozilla/5.0 (Linux; Android 6.0.1; SAMSUNG SM-A320FL Build/MMB29K) AppleWebKit/537.36 (KHTML, like Gecko) SamsungBrowser/5.4 Chrome/51.0.2704.106 Mobile Safari/537.36"
37.58.1.38 - - [23/Aug/2017:16:21:00 +0200] "GET /css/A.bootstrap.min.css.pagespeed.cf.zM0-wO6eqW.css HTTP/1.1" 200 19718 "http://utgard.sk/about.html" "Mozilla/5.0 (Linux; Android 6.0.1; SAMSUNG SM-A320FL Build/MMB29K) AppleWebKit/537.36 (KHTML, like Gecko) SamsungBrowser/5.4 Chrome/51.0.2704.106 Mobile Safari/537.36"
37.58.1.38 - - [23/Aug/2017:16:21:00 +0200] "GET /img/x2017napis.png.pagespeed.ic.B93e8YsL4j.webp HTTP/1.1" 200 158833 "http://utgard.sk/about.html" "Mozilla/5.0 (Linux; Android 6.0.1; SAMSUNG SM-A320FL Build/MMB29K) AppleWebKit/537.36 (KHTML, like Gecko) SamsungBrowser/5.4 Chrome/51.0.2704.106 Mobile Safari/537.36"
37.58.1.38 - - [23/Aug/2017:16:21:00 +0200] "GET /img/brozura/utgard.png HTTP/1.1" 200 381224 "http://utgard.sk/about.html" "Mozilla/5.0 (Linux; Android 6.0.1; SAMSUNG SM-A320FL Build/MMB29K) AppleWebKit/537.36 (KHTML, like Gecko) SamsungBrowser/5.4 Chrome/51.0.2704.106 Mobile Safari/537.36"
37.58.1.38 - - [23/Aug/2017:16:21:00 +0200] "GET /img/plagaty/plagat2017novy.jpg HTTP/1.1" 200 927106 "http://utgard.sk/about.html" "Mozilla/5.0 (Linux; Android 6.0.1; SAMSUNG SM-A320FL Build/MMB29K) AppleWebKit/537.36 (KHTML, like Gecko) SamsungBrowser/5.4 Chrome/51.0.2704.106 Mobile Safari/537.36"
37.58.1.38 - - [23/Aug/2017:16:21:00 +0200] "GET /img/xparchement.jpg.pagespeed.ic.PNqkFdmSew.webp HTTP/1.1" 200 1038936 "http://utgard.sk/css/A.custom.css.pagespeed.cf.Nx2qZt4cWT.css" "Mozilla/5.0 (Linux; Android 6.0.1; SAMSUNG SM-A320FL Build/MMB29K) AppleWebKit/537.36 (KHTML, like Gecko) SamsungBrowser/5.4 Chrome/51.0.2704.106 Mobile Safari/537.36"
37.58.1.38 - - [23/Aug/2017:16:21:00 +0200] "GET /img/xlista.png.pagespeed.ic.ZlfqA1ursF.webp HTTP/1.1" 200 1295137 "http://utgard.sk/css/A.custom.css.pagespeed.cf.Nx2qZt4cWT.css" "Mozilla/5.0 (Linux; Android 6.0.1; SAMSUNG SM-A320FL Build/MMB29K) AppleWebKit/537.36 (KHTML, like Gecko) SamsungBrowser/5.4 Chrome/51.0.2704.106 Mobile Safari/537.36"
37.58.1.38 - - [23/Aug/2017:16:21:02 +0200] "POST /mod_pagespeed_beacon?url=http%3A%2F%2Futgard.sk%2Fabout.html HTTP/1.1" 204 161 "http://utgard.sk/about.html" "Mozilla/5.0 (Linux; Android 6.0.1; SAMSUNG SM-A320FL Build/MMB29K) AppleWebKit/537.36 (KHTML, like Gecko) SamsungBrowser/5.4 Chrome/51.0.2704.106 Mobile Safari/537.36"
37.58.1.38 - - [23/Aug/2017:16:21:16 +0200] "GET /program.html HTTP/1.1" 200 4266 "http://utgard.sk/about.html" "Mozilla/5.0 (Linux; Android 6.0.1; SAMSUNG SM-A320FL Build/MMB29K) AppleWebKit/537.36 (KHTML, like Gecko) SamsungBrowser/5.4 Chrome/51.0.2704.106 Mobile Safari/537.36"
37.58.1.38 - - [23/Aug/2017:16:21:17 +0200] "POST /mod_pagespeed_beacon?url=http%3A%2F%2Futgard.sk%2Fprogram.html HTTP/1.1" 204 161 "http://utgard.sk/program.html" "Mozilla/5.0 (Linux; Android 6.0.1; SAMSUNG SM-A320FL Build/MMB29K) AppleWebKit/537.36 (KHTML, like Gecko) SamsungBrowser/5.4 Chrome/51.0.2704.106 Mobile Safari/537.36"
217.182.132.81 - - [23/Aug/2017:16:42:35 +0200] "GET /img/fotky/2016/181.jpg HTTP/1.1" 200 361396 "-" "Mozilla/5.0 (compatible; AhrefsBot/5.2; +http://ahrefs.com/robot/)"
164.132.161.71 - - [23/Aug/2017:16:46:39 +0200] "GET /img/fotky/2015/141.jpg HTTP/1.1" 200 239076 "-" "Mozilla/5.0 (compatible; AhrefsBot/5.2; +http://ahrefs.com/robot/)"
164.132.162.153 - - [23/Aug/2017:17:35:29 +0200] "GET /img/fotky/2016/197.jpg HTTP/1.1" 200 343134 "-" "Mozilla/5.0 (compatible; AhrefsBot/5.2; +http://ahrefs.com/robot/)"
164.132.161.85 - - [23/Aug/2017:17:46:07 +0200] "GET /img/fotky/2016/173.jpg HTTP/1.1" 200 318150 "-" "Mozilla/5.0 (compatible; AhrefsBot/5.2; +http://ahrefs.com/robot/)"
137.74.207.159 - - [23/Aug/2017:18:13:44 +0200] "GET /img/fotky/2016/178.jpg HTTP/1.1" 200 346832 "-" "Mozilla/5.0 (compatible; AhrefsBot/5.2; +http://ahrefs.com/robot/)"
31.31.78.132 - - [23/Aug/2017:18:38:42 +0200] "GET /css/bootstrap.min.css HTTP/1.1" 304 160 "http://www.utgard.sk/" "Serf/1.3.8 (mod_pagespeed/1.12.34.2-0)"
31.31.78.132 - - [23/Aug/2017:18:38:42 +0200] "GET /css/custom.css HTTP/1.1" 304 158 "http://www.utgard.sk/" "Serf/1.3.8 (mod_pagespeed/1.12.34.2-0)"
188.163.79.53 - - [23/Aug/2017:18:38:42 +0200] "GET / HTTP/1.1" 200 8429 "https://mansparskats.com/" "Mozilla/4.0 (compatible; MSIE 6.0; Windows NT 5.1)"
31.31.78.132 - - [23/Aug/2017:18:38:42 +0200] "GET /js/bootstrap.min.js HTTP/1.1" 304 159 "http://www.utgard.sk/" "Serf/1.3.8 (mod_pagespeed/1.12.34.2-0)"
31.31.78.132 - - [23/Aug/2017:18:38:42 +0200] "GET /img/ico/favicon.ico HTTP/1.1" 304 136 "http://www.utgard.sk/" "Serf/1.3.8 (mod_pagespeed/1.12.34.2-0)"
31.31.78.132 - - [23/Aug/2017:18:38:42 +0200] "GET /img/2017napis.png HTTP/1.1" 304 137 "http://www.utgard.sk/" "Serf/1.3.8 (mod_pagespeed/1.12.34.2-0)"
31.31.78.132 - - [23/Aug/2017:18:38:42 +0200] "GET /img/ico/sk.png HTTP/1.1" 304 135 "http://www.utgard.sk/" "Serf/1.3.8 (mod_pagespeed/1.12.34.2-0)"
31.31.78.132 - - [23/Aug/2017:18:38:42 +0200] "GET /img/ico/pl.png HTTP/1.1" 304 135 "http://www.utgard.sk/" "Serf/1.3.8 (mod_pagespeed/1.12.34.2-0)"
31.31.78.132 - - [23/Aug/2017:18:38:42 +0200] "GET /img/ico/gb.png HTTP/1.1" 304 135 "http://www.utgard.sk/" "Serf/1.3.8 (mod_pagespeed/1.12.34.2-0)"
31.31.78.132 - - [23/Aug/2017:18:38:42 +0200] "GET /img/parchement.jpg HTTP/1.1" 304 138 "http://www.utgard.sk/" "Serf/1.3.8 (mod_pagespeed/1.12.34.2-0)"
31.31.78.132 - - [23/Aug/2017:18:38:42 +0200] "GET /img/lista.png HTTP/1.1" 304 138 "http://www.utgard.sk/" "Serf/1.3.8 (mod_pagespeed/1.12.34.2-0)"
188.163.79.53 - - [23/Aug/2017:18:38:43 +0200] "GET / HTTP/1.1" 200 8631 "https://mansparskats.com/" "Mozilla/4.0 (compatible; MSIE 6.0; Windows NT 5.1)"
217.182.132.33 - - [23/Aug/2017:18:48:07 +0200] "GET /img/fotky/2016/164.jpg HTTP/1.1" 200 369845 "-" "Mozilla/5.0 (compatible; AhrefsBot/5.2; +http://ahrefs.com/robot/)"
31.31.78.132 - - [23/Aug/2017:18:53:26 +0200] "GET /css/bootstrap.min.css HTTP/1.1" 304 160 "http://utgard.sk/" "Serf/1.3.8 (mod_pagespeed/1.12.34.2-0)"
37.115.215.125 - - [23/Aug/2017:18:53:26 +0200] "GET / HTTP/1.0" 200 12828 "http://utgard.sk/" "Mozilla/5.0 (Windows NT 10.0; Win64; x64) AppleWebKit/537.36 (KHTML, like Gecko) Chrome/57.0.2987.133 Safari/537.36"
31.31.78.132 - - [23/Aug/2017:18:53:26 +0200] "GET /css/custom.css HTTP/1.1" 304 158 "http://utgard.sk/" "Serf/1.3.8 (mod_pagespeed/1.12.34.2-0)"
31.31.78.132 - - [23/Aug/2017:18:53:26 +0200] "GET /js/bootstrap.min.js HTTP/1.1" 304 159 "http://utgard.sk/" "Serf/1.3.8 (mod_pagespeed/1.12.34.2-0)"
31.31.78.132 - - [23/Aug/2017:18:53:26 +0200] "GET /img/ico/favicon.ico HTTP/1.1" 304 136 "http://utgard.sk/" "Serf/1.3.8 (mod_pagespeed/1.12.34.2-0)"
31.31.78.132 - - [23/Aug/2017:18:53:26 +0200] "GET /img/2017napis.png HTTP/1.1" 304 137 "http://utgard.sk/" "Serf/1.3.8 (mod_pagespeed/1.12.34.2-0)"
31.31.78.132 - - [23/Aug/2017:18:53:26 +0200] "GET /img/ico/sk.png HTTP/1.1" 304 135 "http://utgard.sk/" "Serf/1.3.8 (mod_pagespeed/1.12.34.2-0)"
31.31.78.132 - - [23/Aug/2017:18:53:26 +0200] "GET /img/ico/pl.png HTTP/1.1" 304 135 "http://utgard.sk/" "Serf/1.3.8 (mod_pagespeed/1.12.34.2-0)"
31.31.78.132 - - [23/Aug/2017:18:53:26 +0200] "GET /img/ico/gb.png HTTP/1.1" 304 135 "http://utgard.sk/" "Serf/1.3.8 (mod_pagespeed/1.12.34.2-0)"
31.31.78.132 - - [23/Aug/2017:18:53:26 +0200] "GET /img/lista.png HTTP/1.1" 304 138 "http://utgard.sk/" "Serf/1.3.8 (mod_pagespeed/1.12.34.2-0)"
31.31.78.132 - - [23/Aug/2017:18:53:26 +0200] "GET /img/parchement.jpg HTTP/1.1" 304 138 "http://utgard.sk/" "Serf/1.3.8 (mod_pagespeed/1.12.34.2-0)"
51.255.65.32 - - [23/Aug/2017:19:40:53 +0200] "GET /img/fotky/2015/109.jpg HTTP/1.1" 200 197635 "-" "Mozilla/5.0 (compatible; AhrefsBot/5.2; +http://ahrefs.com/robot/)"
51.255.65.89 - - [23/Aug/2017:19:43:03 +0200] "GET /img/fotky/2016/16.jpg HTTP/1.1" 200 356591 "-" "Mozilla/5.0 (compatible; AhrefsBot/5.2; +http://ahrefs.com/robot/)"
164.132.161.21 - - [23/Aug/2017:19:44:39 +0200] "GET /img/fotky/2016/19.jpg HTTP/1.1" 200 297146 "-" "Mozilla/5.0 (compatible; AhrefsBot/5.2; +http://ahrefs.com/robot/)"
31.31.78.132 - - [23/Aug/2017:19:54:45 +0200] "GET /css/bootstrap.min.css HTTP/1.1" 304 160 "http://www.utgard.sk/" "Serf/1.3.8 (mod_pagespeed/1.12.34.2-0)"
180.76.15.161 - - [23/Aug/2017:19:54:45 +0200] "GET / HTTP/1.1" 200 2506 "-" "Mozilla/5.0 (compatible; Baiduspider/2.0; +http://www.baidu.com/search/spider.html)"
31.31.78.132 - - [23/Aug/2017:19:54:45 +0200] "GET /css/custom.css HTTP/1.1" 304 158 "http://www.utgard.sk/" "Serf/1.3.8 (mod_pagespeed/1.12.34.2-0)"
31.31.78.132 - - [23/Aug/2017:19:54:45 +0200] "GET /js/bootstrap.min.js HTTP/1.1" 304 159 "http://www.utgard.sk/" "Serf/1.3.8 (mod_pagespeed/1.12.34.2-0)"
31.31.78.132 - - [23/Aug/2017:19:54:45 +0200] "GET /img/ico/favicon.ico HTTP/1.1" 304 136 "http://www.utgard.sk/" "Serf/1.3.8 (mod_pagespeed/1.12.34.2-0)"
31.31.78.132 - - [23/Aug/2017:19:54:45 +0200] "GET /img/2017napis.png HTTP/1.1" 304 137 "http://www.utgard.sk/" "Serf/1.3.8 (mod_pagespeed/1.12.34.2-0)"
31.31.78.132 - - [23/Aug/2017:19:54:45 +0200] "GET /img/ico/sk.png HTTP/1.1" 304 135 "http://www.utgard.sk/" "Serf/1.3.8 (mod_pagespeed/1.12.34.2-0)"
31.31.78.132 - - [23/Aug/2017:19:54:45 +0200] "GET /img/ico/pl.png HTTP/1.1" 304 135 "http://www.utgard.sk/" "Serf/1.3.8 (mod_pagespeed/1.12.34.2-0)"
31.31.78.132 - - [23/Aug/2017:19:54:45 +0200] "GET /img/ico/gb.png HTTP/1.1" 304 135 "http://www.utgard.sk/" "Serf/1.3.8 (mod_pagespeed/1.12.34.2-0)"
31.31.78.132 - - [23/Aug/2017:19:54:45 +0200] "GET /img/lista.png HTTP/1.1" 304 138 "http://www.utgard.sk/" "Serf/1.3.8 (mod_pagespeed/1.12.34.2-0)"
31.31.78.132 - - [23/Aug/2017:19:54:45 +0200] "GET /img/parchement.jpg HTTP/1.1" 304 138 "http://www.utgard.sk/" "Serf/1.3.8 (mod_pagespeed/1.12.34.2-0)"
217.182.132.29 - - [23/Aug/2017:19:54:57 +0200] "GET /img/fotky/2016/175.jpg HTTP/1.1" 200 332620 "-" "Mozilla/5.0 (compatible; AhrefsBot/5.2; +http://ahrefs.com/robot/)"
51.255.65.85 - - [23/Aug/2017:19:59:52 +0200] "GET /img/fotky/2016/176.jpg HTTP/1.1" 200 327247 "-" "Mozilla/5.0 (compatible; AhrefsBot/5.2; +http://ahrefs.com/robot/)"
51.255.65.26 - - [23/Aug/2017:20:01:19 +0200] "GET /img/fotky/2015/166.jpg HTTP/1.1" 200 183963 "-" "Mozilla/5.0 (compatible; AhrefsBot/5.2; +http://ahrefs.com/robot/)"
217.182.132.173 - - [23/Aug/2017:20:28:08 +0200] "GET /img/fotky/2016/187.jpg HTTP/1.1" 200 362997 "-" "Mozilla/5.0 (compatible; AhrefsBot/5.2; +http://ahrefs.com/robot/)"
217.182.132.70 - - [23/Aug/2017:20:37:44 +0200] "GET /img/fotky/2015/119.jpg HTTP/1.1" 200 236754 "-" "Mozilla/5.0 (compatible; AhrefsBot/5.2; +http://ahrefs.com/robot/)"
164.132.161.21 - - [23/Aug/2017:20:41:28 +0200] "GET /img/fotky/2016/193.jpg HTTP/1.1" 200 338726 "-" "Mozilla/5.0 (compatible; AhrefsBot/5.2; +http://ahrefs.com/robot/)"
217.182.132.68 - - [23/Aug/2017:20:46:38 +0200] "GET /img/fotky/2016/147.jpg HTTP/1.1" 200 317130 "-" "Mozilla/5.0 (compatible; AhrefsBot/5.2; +http://ahrefs.com/robot/)"
51.255.65.45 - - [23/Aug/2017:20:59:06 +0200] "GET /img/fotky/2016/167.jpg HTTP/1.1" 200 374074 "-" "Mozilla/5.0 (compatible; AhrefsBot/5.2; +http://ahrefs.com/robot/)"
217.182.132.80 - - [23/Aug/2017:21:04:23 +0200] "GET /img/fotky/2015/177.jpg HTTP/1.1" 200 91464 "-" "Mozilla/5.0 (compatible; AhrefsBot/5.2; +http://ahrefs.com/robot/)"
31.31.78.132 - - [23/Aug/2017:21:13:37 +0200] "GET /js/bootstrap.min.js HTTP/1.1" 304 159 "http://www.utgard.sk/" "Serf/1.3.8 (mod_pagespeed/1.12.34.2-0)"
31.31.78.132 - - [23/Aug/2017:21:13:37 +0200] "GET /css/custom.css HTTP/1.1" 304 158 "http://www.utgard.sk/" "Serf/1.3.8 (mod_pagespeed/1.12.34.2-0)"
31.31.78.132 - - [23/Aug/2017:21:13:37 +0200] "GET /css/bootstrap.min.css HTTP/1.1" 304 160 "http://www.utgard.sk/" "Serf/1.3.8 (mod_pagespeed/1.12.34.2-0)"
31.31.78.132 - - [23/Aug/2017:21:13:37 +0200] "GET /img/ico/pl.png HTTP/1.1" 304 135 "http://www.utgard.sk/" "Serf/1.3.8 (mod_pagespeed/1.12.34.2-0)"
31.31.78.132 - - [23/Aug/2017:21:13:37 +0200] "GET /img/ico/sk.png HTTP/1.1" 304 135 "http://www.utgard.sk/" "Serf/1.3.8 (mod_pagespeed/1.12.34.2-0)"
31.31.78.132 - - [23/Aug/2017:21:13:37 +0200] "GET /img/2017napis.png HTTP/1.1" 304 137 "http://www.utgard.sk/" "Serf/1.3.8 (mod_pagespeed/1.12.34.2-0)"
31.31.78.132 - - [23/Aug/2017:21:13:37 +0200] "GET /img/ico/favicon.ico HTTP/1.1" 304 136 "http://www.utgard.sk/" "Serf/1.3.8 (mod_pagespeed/1.12.34.2-0)"
195.91.5.58 - - [23/Aug/2017:21:13:37 +0200] "GET / HTTP/1.1" 200 4385 "https://www.google.sk/" "Mozilla/5.0 (Windows NT 6.1; WOW64; rv:54.0) Gecko/20100101 Firefox/54.0"
31.31.78.132 - - [23/Aug/2017:21:13:37 +0200] "GET /img/ico/gb.png HTTP/1.1" 304 135 "http://www.utgard.sk/" "Serf/1.3.8 (mod_pagespeed/1.12.34.2-0)"
31.31.78.132 - - [23/Aug/2017:21:13:38 +0200] "GET /img/lista.png HTTP/1.1" 304 138 "http://www.utgard.sk/" "Serf/1.3.8 (mod_pagespeed/1.12.34.2-0)"
31.31.78.132 - - [23/Aug/2017:21:13:38 +0200] "GET /img/parchement.jpg HTTP/1.1" 304 138 "http://www.utgard.sk/" "Serf/1.3.8 (mod_pagespeed/1.12.34.2-0)"
195.91.5.58 - - [23/Aug/2017:21:13:38 +0200] "GET /css/custom.css HTTP/1.1" 200 1295 "http://www.utgard.sk/" "Mozilla/5.0 (Windows NT 6.1; WOW64; rv:54.0) Gecko/20100101 Firefox/54.0"
195.91.5.58 - - [23/Aug/2017:21:13:38 +0200] "GET /js/bootstrap.min.js HTTP/1.1" 200 10181 "http://www.utgard.sk/" "Mozilla/5.0 (Windows NT 6.1; WOW64; rv:54.0) Gecko/20100101 Firefox/54.0"
195.91.5.58 - - [23/Aug/2017:21:13:38 +0200] "GET /css/bootstrap.min.css HTTP/1.1" 200 20026 "http://www.utgard.sk/" "Mozilla/5.0 (Windows NT 6.1; WOW64; rv:54.0) Gecko/20100101 Firefox/54.0"
195.91.5.58 - - [23/Aug/2017:21:13:38 +0200] "GET /img/ico/pl.png HTTP/1.1" 200 733 "http://www.utgard.sk/" "Mozilla/5.0 (Windows NT 6.1; WOW64; rv:54.0) Gecko/20100101 Firefox/54.0"
